Component: ARM Compiler 5.06 update 7 (build 960) Tool: armlink [4d3601]

==============================================================================

Section Cross References

    main.o(i.BUT_init) refers to mdr32f9qx_rst_clk.o(i.RST_CLK_PCLKcmd) for RST_CLK_PCLKcmd
    main.o(i.BUT_init) refers to mdr32f9qx_port.o(i.PORT_Init) for PORT_Init
    main.o(i.BUT_init) refers to main.o(.bss) for PortInit
    main.o(i.Delay_ms) refers to main.o(.data) for Delay_dec
    main.o(i.LED_init) refers to mdr32f9qx_rst_clk.o(i.RST_CLK_PCLKcmd) for RST_CLK_PCLKcmd
    main.o(i.LED_init) refers to mdr32f9qx_port.o(i.PORT_Init) for PORT_Init
    main.o(i.LED_init) refers to mdr32f9qx_port.o(i.PORT_ResetBits) for PORT_ResetBits
    main.o(i.LED_init) refers to main.o(.bss) for PortInit
    main.o(i.SysTick_Handler) refers to main.o(.data) for Delay_dec
    main.o(i.fmatrix) refers to h1_alloc.o(.text) for malloc
    main.o(i.fmatrix) refers to rand.o(.emb_text) for rand
    main.o(i.fmatrix) refers to fflt_clz.o(x$fpl$fflt) for __aeabi_i2f
    main.o(i.fmatrix) refers to fdiv.o(x$fpl$fdiv) for __aeabi_fdiv
    main.o(i.fmatrix) refers to faddsub_clz.o(x$fpl$fadd) for __aeabi_fadd
    main.o(i.fmatrix) refers to h1_free.o(.text) for free
    main.o(i.main) refers to _printf_percent.o(.ARM.Collect$$_printf_percent$$00000000) for _printf_percent
    main.o(i.main) refers to _printf_d.o(.ARM.Collect$$_printf_percent$$00000009) for _printf_d
    main.o(i.main) refers to _printf_s.o(.ARM.Collect$$_printf_percent$$00000014) for _printf_s
    main.o(i.main) refers to _printf_dec.o(.text) for _printf_int_dec
    main.o(i.main) refers to _printf_str.o(.text) for _printf_str
    main.o(i.main) refers to _printf_f.o(.ARM.Collect$$_printf_percent$$00000003) for _printf_f
    main.o(i.main) refers to printf1.o(x$fpl$printf1) for _printf_fp_dec
    main.o(i.main) refers to main.o(i.PerClkConfig) for PerClkConfig
    main.o(i.main) refers to main.o(i.SysTick_init) for SysTick_init
    main.o(i.main) refers to main.o(i.HSI_init) for HSI_init
    main.o(i.main) refers to main.o(i.LED_init) for LED_init
    main.o(i.main) refers to main.o(i.BUT_init) for BUT_init
    main.o(i.main) refers to mdr32f9qx_port.o(i.PORT_SetBits) for PORT_SetBits
    main.o(i.main) refers to main.o(i.Delay_ms) for Delay_ms
    main.o(i.main) refers to mdr32f9qx_port.o(i.PORT_ResetBits) for PORT_ResetBits
    main.o(i.main) refers to main.o(i.matrix) for matrix
    main.o(i.main) refers to main.o(i.hash) for hash
    main.o(i.main) refers to main.o(i.fmatrix) for fmatrix
    main.o(i.main) refers to noretval__2sprintf.o(.text) for __2sprintf
    main.o(i.main) refers to f2d.o(x$fpl$f2d) for __aeabi_f2d
    main.o(i.matrix) refers to h1_alloc.o(.text) for malloc
    main.o(i.matrix) refers to main.o(i.refibonacci) for refibonacci
    main.o(i.matrix) refers to h1_free.o(.text) for free
    startup_mdr32f9qx.o(STACK) refers (Special) to heapauxi.o(.text) for __use_two_region_memory
    startup_mdr32f9qx.o(HEAP) refers (Special) to heapauxi.o(.text) for __use_two_region_memory
    startup_mdr32f9qx.o(RESET) refers (Special) to heapauxi.o(.text) for __use_two_region_memory
    startup_mdr32f9qx.o(RESET) refers to startup_mdr32f9qx.o(STACK) for __initial_sp
    startup_mdr32f9qx.o(RESET) refers to startup_mdr32f9qx.o(.text) for Reset_Handler
    startup_mdr32f9qx.o(RESET) refers to main.o(i.SysTick_Handler) for SysTick_Handler
    startup_mdr32f9qx.o(.text) refers (Special) to heapauxi.o(.text) for __use_two_region_memory
    startup_mdr32f9qx.o(.text) refers to system_mdr32f9qx.o(i.SystemInit) for SystemInit
    startup_mdr32f9qx.o(.text) refers to __main.o(!!!main) for __main
    startup_mdr32f9qx.o(.text) refers to startup_mdr32f9qx.o(HEAP) for Heap_Mem
    startup_mdr32f9qx.o(.text) refers to startup_mdr32f9qx.o(STACK) for Stack_Mem
    system_mdr32f9qx.o(i.SystemCoreClockUpdate) refers to system_mdr32f9qx.o(.data) for SystemCoreClock
    system_mdr32f9qx.o(i.SystemInit) refers to system_mdr32f9qx.o(i.SystemCoreClockUpdate) for SystemCoreClockUpdate
    mdr32f9qx_adc.o(i.ADC_GetFlagStatus) refers to mdr32f9qx_adc.o(i.ADC_GetStatus) for ADC_GetStatus
    mdr32f9qx_adc.o(i.ADC_GetITStatus) refers to mdr32f9qx_adc.o(i.ADC_GetStatus) for ADC_GetStatus
    mdr32f9qx_rst_clk.o(i.RST_CLK_CPU_PLLstatus) refers to mdr32f9qx_rst_clk.o(i.RST_CLK_GetFlagStatus) for RST_CLK_GetFlagStatus
    mdr32f9qx_rst_clk.o(i.RST_CLK_DeInit) refers to mdr32f9qx_rst_clk.o(i.RST_CLK_WarmDeInit) for RST_CLK_WarmDeInit
    mdr32f9qx_rst_clk.o(i.RST_CLK_DeInit) refers to mdr32f9qx_rst_clk.o(i.RST_CLK_PCLKcmd) for RST_CLK_PCLKcmd
    mdr32f9qx_rst_clk.o(i.RST_CLK_HSEstatus) refers to mdr32f9qx_rst_clk.o(i.RST_CLK_GetFlagStatus) for RST_CLK_GetFlagStatus
    mdr32f9qx_rst_clk.o(i.RST_CLK_HSIstatus) refers to mdr32f9qx_rst_clk.o(i.RST_CLK_GetFlagStatus) for RST_CLK_GetFlagStatus
[...]
    argv_veneer.o(.emb_text) refers to no_argv.o(.text) for __ARM_get_argv
    istatus.o(x$fpl$ieeestatus) refers (Special) to usenofp.o(x$fpl$usenofp) for __I$use$fp
    fpclassify.o(i.__ARM_fpclassify) refers (Special) to usenofp.o(x$fpl$usenofp) for __I$use$fp
    sys_stackheap_outer.o(.text) refers to libspace.o(.text) for __user_perproc_libspace
    sys_stackheap_outer.o(.text) refers to startup_mdr32f9qx.o(.text) for __user_initial_stackheap
    rt_raise.o(.text) refers to __raise.o(.text) for __raise
    rt_raise.o(.text) refers to sys_exit.o(.text) for _sys_exit
    term_alloc.o(.text) refers (Special) to libshutdown2.o(.ARM.Collect$$libshutdown$$00000010) for __rt_lib_shutdown_heap_2
    term_alloc.o(.text) refers to rt_heap_descriptor_intlibspace.o(.text) for __rt_heap_descriptor
    term_alloc.o(.text) refers to h1_final.o(.text) for __Heap_Finalize
    exit.o(.text) refers to rtexit.o(.ARM.Collect$$rtexit$$00000000) for __rt_exit
    defsig_exit.o(.text) refers to sys_exit.o(.text) for _sys_exit
    defsig_rtmem_inner.o(.text) refers to defsig_general.o(.text) for __default_signal_display
    _get_argv_nomalloc.o(.text) refers (Special) to hrguard.o(.text) for __heap_region$guard
    _get_argv_nomalloc.o(.text) refers to defsig_rtmem_outer.o(.text) for __rt_SIGRTMEM
    _get_argv_nomalloc.o(.text) refers to sys_command.o(.text) for _sys_command_string
    libinit.o(.ARM.Collect$$libinit$$00000000) refers (Special) to libinit2.o(.ARM.Collect$$libinit$$0000002E) for __rt_lib_init_alloca_1
    libinit.o(.ARM.Collect$$libinit$$00000000) refers (Special) to libinit2.o(.ARM.Collect$$libinit$$0000002C) for __rt_lib_init_argv_1
    libinit.o(.ARM.Collect$$libinit$$00000000) refers (Special) to libinit2.o(.ARM.Collect$$libinit$$0000001B) for __rt_lib_init_atexit_1
    libinit.o(.ARM.Collect$$libinit$$00000000) refers (Special) to libinit2.o(.ARM.Collect$$libinit$$00000021) for __rt_lib_init_clock_1
    libinit.o(.ARM.Collect$$libinit$$00000000) refers (Special) to libinit2.o(.ARM.Collect$$libinit$$00000032) for __rt_lib_init_cpp_1
    libinit.o(.ARM.Collect$$libinit$$00000000) refers (Special) to libinit2.o(.ARM.Collect$$libinit$$00000030) for __rt_lib_init_exceptions_1
    libinit.o(.ARM.Collect$$libinit$$00000000) refers (Special) to libinit2.o(.ARM.Collect$$libinit$$00000002) for __rt_lib_init_fp_1
    libinit.o(.ARM.Collect$$libinit$$00000000) refers (Special) to libinit2.o(.ARM.Collect$$libinit$$0000001F) for __rt_lib_init_fp_trap_1
    libinit.o(.ARM.Collect$$libinit$$00000000) refers (Special) to libinit2.o(.ARM.Collect$$libinit$$00000023) for __rt_lib_init_getenv_1
    libinit.o(.ARM.Collect$$libinit$$00000000) refers (Special) to libinit2.o(.ARM.Collect$$libinit$$0000000A) for __rt_lib_init_heap_1
    libinit.o(.ARM.Collect$$libinit$$00000000) refers (Special) to libinit2.o(.ARM.Collect$$libinit$$00000011) for __rt_lib_init_lc_collate_1
    libinit.o(.ARM.Collect$$libinit$$00000000) refers (Special) to libinit2.o(.ARM.Collect$$libinit$$00000013) for __rt_lib_init_lc_ctype_1
    libinit.o(.ARM.Collect$$libinit$$00000000) refers (Special) to libinit2.o(.ARM.Collect$$libinit$$00000015) for __rt_lib_init_lc_monetary_1
    libinit.o(.ARM.Collect$$libinit$$00000000) refers (Special) to libinit2.o(.ARM.Collect$$libinit$$00000017) for __rt_lib_init_lc_numeric_1
    libinit.o(.ARM.Collect$$libinit$$00000000) refers (Special) to libinit2.o(.ARM.Collect$$libinit$$00000019) for __rt_lib_init_lc_time_1
    libinit.o(.ARM.Collect$$libinit$$00000000) refers (Special) to libinit2.o(.ARM.Collect$$libinit$$00000004) for __rt_lib_init_preinit_1
    libinit.o(.ARM.Collect$$libinit$$00000000) refers (Special) to libinit2.o(.ARM.Collect$$libinit$$0000000E) for __rt_lib_init_rand_1
    libinit.o(.ARM.Collect$$libinit$$00000000) refers (Special) to libinit2.o(.ARM.Collect$$libinit$$00000033) for __rt_lib_init_return
    libinit.o(.ARM.Collect$$libinit$$00000000) refers (Special) to libinit2.o(.ARM.Collect$$libinit$$0000001D) for __rt_lib_init_signal_1
    libinit.o(.ARM.Collect$$libinit$$00000000) refers (Special) to libinit2.o(.ARM.Collect$$libinit$$00000025) for __rt_lib_init_stdio_1
    libinit.o(.ARM.Collect$$libinit$$00000000) refers (Special) to libinit2.o(.ARM.Collect$$libinit$$0000000C) for __rt_lib_init_user_alloc_1
    sys_exit.o(.text) refers (Special) to use_no_semi.o(.text) for __I$use$semihosting
    sys_exit.o(.text) refers (Special) to indicate_semi.o(.text) for __semihosting_library_function
    rtexit.o(.ARM.Collect$$rtexit$$00000000) refers (Special) to rtexit2.o(.ARM.Collect$$rtexit$$00000004) for __rt_exit_exit
    rtexit.o(.ARM.Collect$$rtexit$$00000000) refers (Special) to rtexit2.o(.ARM.Collect$$rtexit$$00000003) for __rt_exit_ls
    rtexit.o(.ARM.Collect$$rtexit$$00000000) refers (Special) to rtexit2.o(.ARM.Collect$$rtexit$$00000002) for __rt_exit_prels_1
    rtexit.o(.ARM.exidx) refers (Special) to rtexit2.o(.ARM.Collect$$rtexit$$00000004) for __rt_exit_exit
    rtexit.o(.ARM.exidx) refers (Special) to rtexit2.o(.ARM.Collect$$rtexit$$00000003) for __rt_exit_ls
    rtexit.o(.ARM.exidx) refers (Special) to rtexit2.o(.ARM.Collect$$rtexit$$00000002) for __rt_exit_prels_1
    rtexit.o(.ARM.exidx) refers to rtexit.o(.ARM.Collect$$rtexit$$00000000) for .ARM.Collect$$rtexit$$00000000
    __raise.o(.text) refers to defsig.o(CL$$defsig) for __default_signal_handler
    defsig_general.o(.text) refers to sys_wrch.o(.text) for _ttywrch
    libshutdown2.o(.ARM.Collect$$libshutdown$$0000000F) refers (Weak) to term_alloc.o(.text) for _terminate_alloc
    sys_wrch.o(.text) refers (Special) to use_no_semi.o(.text) for __I$use$semihosting
    sys_wrch.o(.text) refers (Special) to indicate_semi.o(.text) for __semihosting_library_function
    rtexit2.o(.ARM.Collect$$rtexit$$00000003) refers to libshutdown.o(.ARM.Collect$$libshutdown$$00000000) for __rt_lib_shutdown
    rtexit2.o(.ARM.Collect$$rtexit$$00000004) refers to sys_exit.o(.text) for _sys_exit
    rtexit2.o(.ARM.exidx) refers to rtexit2.o(.ARM.Collect$$rtexit$$00000001) for .ARM.Collect$$rtexit$$00000001
    rtexit2.o(.ARM.exidx) refers to rtexit2.o(.ARM.Collect$$rtexit$$00000003) for .ARM.Collect$$rtexit$$00000003
    rtexit2.o(.ARM.exidx) refers to rtexit2.o(.ARM.Collect$$rtexit$$00000004) for .ARM.Collect$$rtexit$$00000004
    defsig.o(CL$$defsig) refers to defsig_rtmem_inner.o(.text) for __rt_SIGRTMEM_inner
    defsig_abrt_inner.o(.text) refers to defsig_general.o(.text) for __default_signal_display
    defsig_fpe_inner.o(.text) refers to defsig_general.o(.text) for __default_signal_display
    defsig_rtred_inner.o(.text) refers to defsig_general.o(.text) for __default_signal_display
    defsig_stak_inner.o(.text) refers to defsig_general.o(.text) for __default_signal_display
    defsig_pvfn_inner.o(.text) refers to defsig_general.o(.text) for __default_signal_display
    defsig_cppl_inner.o(.text) refers to defsig_general.o(.text) for __default_signal_display
    defsig_segv_inner.o(.text) refers to defsig_general.o(.text) for __default_signal_display
    defsig_other.o(.text) refers to defsig_general.o(.text) for __default_signal_display
    libshutdown.o(.ARM.Collect$$libshutdown$$00000000) refers (Special) to libshutdown2.o(.ARM.Collect$$libshutdown$$00000004) for __rt_lib_shutdown_cpp_1
    libshutdown.o(.ARM.Collect$$libshutdown$$00000000) refers (Special) to libshutdown2.o(.ARM.Collect$$libshutdown$$00000002) for __rt_lib_shutdown_fini_1
    libshutdown.o(.ARM.Collect$$libshutdown$$00000000) refers (Special) to libshutdown2.o(.ARM.Collect$$libshutdown$$00000009) for __rt_lib_shutdown_fp_trap_1
    libshutdown.o(.ARM.Collect$$libshutdown$$00000000) refers (Special) to libshutdown2.o(.ARM.Collect$$libshutdown$$00000011) for __rt_lib_shutdown_heap_1
    libshutdown.o(.ARM.Collect$$libshutdown$$00000000) refers (Special) to libshutdown2.o(.ARM.Collect$$libshutdown$$00000012) for __rt_lib_shutdown_return
    libshutdown.o(.ARM.Collect$$libshutdown$$00000000) refers (Special) to libshutdown2.o(.ARM.Collect$$libshutdown$$0000000C) for __rt_lib_shutdown_signal_1
    libshutdown.o(.ARM.Collect$$libshutdown$$00000000) refers (Special) to libshutdown2.o(.ARM.Collect$$libshutdown$$00000006) for __rt_lib_shutdown_stdio_1
    libshutdown.o(.ARM.Collect$$libshutdown$$00000000) refers (Special) to libshutdown2.o(.ARM.Collect$$libshutdown$$0000000E) for __rt_lib_shutdown_user_alloc_1


==============================================================================

Removing Unused input sections from the image.

    Removing main.o(.rev16_text), (4 bytes).
    Removing main.o(.revsh_text), (4 bytes).
    Removing main.o(.rrx_text), (6 bytes).
    Removing system_mdr32f9qx.o(.rev16_text), (4 bytes).
    Removing system_mdr32f9qx.o(.revsh_text), (4 bytes).
    Removing system_mdr32f9qx.o(.rrx_text), (6 bytes).
    Removing mdr32f9qx_adc.o(.rev16_text), (4 bytes).
    Removing mdr32f9qx_adc.o(.revsh_text), (4 bytes).
    Removing mdr32f9qx_adc.o(.rrx_text), (6 bytes).
    Removing mdr32f9qx_adc.o(i.ADC1_ChannelSwithingConfig), (20 bytes).
    Removing mdr32f9qx_adc.o(i.ADC1_ClearOutOfRangeFlag), (20 bytes).
    Removing mdr32f9qx_adc.o(i.ADC1_ClearOverwriteFlag), (20 bytes).
    Removing mdr32f9qx_adc.o(i.ADC1_Cmd), (28 bytes).
    Removing mdr32f9qx_adc.o(i.ADC1_GetFlagStatus), (24 bytes).
    Removing mdr32f9qx_adc.o(i.ADC1_GetITStatus), (28 bytes).
    Removing mdr32f9qx_adc.o(i.ADC1_GetResult), (12 bytes).
    Removing mdr32f9qx_adc.o(i.ADC1_GetStatus), (12 bytes).
    Removing mdr32f9qx_adc.o(i.ADC1_ITConfig), (28 bytes).
    Removing mdr32f9qx_adc.o(i.ADC1_Init), (92 bytes).
    Removing mdr32f9qx_adc.o(i.ADC1_LevelsConfig), (28 bytes).
    Removing mdr32f9qx_adc.o(i.ADC1_OperationModeConfig), (24 bytes).
    Removing mdr32f9qx_adc.o(i.ADC1_SamplingModeConfig), (20 bytes).
    Removing mdr32f9qx_adc.o(i.ADC1_SetChannel), (24 bytes).
    Removing mdr32f9qx_adc.o(i.ADC1_SetChannels), (12 bytes).
    Removing mdr32f9qx_adc.o(i.ADC1_SetHighLevel), (12 bytes).
    Removing mdr32f9qx_adc.o(i.ADC1_SetLowLevel), (12 bytes).
    Removing mdr32f9qx_adc.o(i.ADC1_Start), (20 bytes).
    Removing mdr32f9qx_adc.o(i.ADC2_ChannelSwithingConfig), (20 bytes).
    Removing mdr32f9qx_adc.o(i.ADC2_ClearOutOfRangeFlag), (20 bytes).
    Removing mdr32f9qx_adc.o(i.ADC2_ClearOverwriteFlag), (20 bytes).
    Removing mdr32f9qx_adc.o(i.ADC2_Cmd), (28 bytes).
    Removing mdr32f9qx_adc.o(i.ADC2_GetFlagStatus), (24 bytes).
    Removing mdr32f9qx_adc.o(i.ADC2_GetITStatus), (28 bytes).
    Removing mdr32f9qx_adc.o(i.ADC2_GetResult), (12 bytes).
    Removing mdr32f9qx_adc.o(i.ADC2_GetStatus), (12 bytes).
    Removing mdr32f9qx_adc.o(i.ADC2_ITConfig), (28 bytes).
    Removing mdr32f9qx_adc.o(i.ADC2_Init), (80 bytes).
    Removing mdr32f9qx_adc.o(i.ADC2_LevelsConfig), (28 bytes).
    Removing mdr32f9qx_adc.o(i.ADC2_OperationModeConfig), (24 bytes).
    Removing mdr32f9qx_adc.o(i.ADC2_SamplingModeConfig), (20 bytes).
    Removing mdr32f9qx_adc.o(i.ADC2_SetChannel), (24 bytes).
    Removing mdr32f9qx_adc.o(i.ADC2_SetChannels), (12 bytes).
    Removing mdr32f9qx_adc.o(i.ADC2_SetHighLevel), (12 bytes).
    Removing mdr32f9qx_adc.o(i.ADC2_SetLowLevel), (12 bytes).
    Removing mdr32f9qx_adc.o(i.ADC2_Start), (20 bytes).
    Removing mdr32f9qx_adc.o(i.ADC_DeInit), (44 bytes).
    Removing mdr32f9qx_adc.o(i.ADC_GetFlagStatus), (22 bytes).
    Removing mdr32f9qx_adc.o(i.ADC_GetITStatus), (28 bytes).
    Removing mdr32f9qx_adc.o(i.ADC_GetStatus), (20 bytes).
    Removing mdr32f9qx_adc.o(i.ADC_ITConfig), (52 bytes).
    Removing mdr32f9qx_adc.o(i.ADC_Init), (64 bytes).
    Removing mdr32f9qx_adc.o(i.ADC_SetTrim), (24 bytes).
    Removing mdr32f9qx_adc.o(i.ADC_StructInit), (18 bytes).
    Removing mdr32f9qx_adc.o(i.ADCx_StructInit), (28 bytes).
    Removing mdr32f9qx_port.o(.rev16_text), (4 bytes).
    Removing mdr32f9qx_port.o(.revsh_text), (4 bytes).
    Removing mdr32f9qx_port.o(.rrx_text), (6 bytes).
    Removing mdr32f9qx_port.o(i.PORT_DeInit), (20 bytes).
    Removing mdr32f9qx_port.o(i.PORT_ReadInputData), (6 bytes).
    Removing mdr32f9qx_port.o(i.PORT_ReadInputDataBit), (16 bytes).
    Removing mdr32f9qx_port.o(i.PORT_StructInit), (28 bytes).
    Removing mdr32f9qx_port.o(i.PORT_Write), (24 bytes).
    Removing mdr32f9qx_port.o(i.PORT_WriteBit), (44 bytes).
    Removing mdr32f9qx_rst_clk.o(.rev16_text), (4 bytes).
    Removing mdr32f9qx_rst_clk.o(.revsh_text), (4 bytes).
    Removing mdr32f9qx_rst_clk.o(.rrx_text), (6 bytes).
    Removing mdr32f9qx_rst_clk.o(i.RST_CLK_ADCclkEnable), (12 bytes).
    Removing mdr32f9qx_rst_clk.o(i.RST_CLK_ADCclkPrescaler), (24 bytes).
    Removing mdr32f9qx_rst_clk.o(i.RST_CLK_ADCclkSelection), (20 bytes).
    Removing mdr32f9qx_rst_clk.o(i.RST_CLK_CPU_PLLcmd), (12 bytes).
    Removing mdr32f9qx_rst_clk.o(i.RST_CLK_CPU_PLLconfig), (64 bytes).
    Removing mdr32f9qx_rst_clk.o(i.RST_CLK_CPU_PLLstatus), (52 bytes).
    Removing mdr32f9qx_rst_clk.o(i.RST_CLK_CPU_PLLuse), (12 bytes).
    Removing mdr32f9qx_rst_clk.o(i.RST_CLK_CPUclkPrescaler), (24 bytes).
    Removing mdr32f9qx_rst_clk.o(i.RST_CLK_CPUclkSelection), (20 bytes).
    Removing mdr32f9qx_rst_clk.o(i.RST_CLK_DeInit), (44 bytes).
    Removing mdr32f9qx_rst_clk.o(i.RST_CLK_GetClocksFreq), (628 bytes).
    Removing mdr32f9qx_rst_clk.o(i.RST_CLK_GetFlagStatus), (52 bytes).
    Removing mdr32f9qx_rst_clk.o(i.RST_CLK_HSEclkPrescaler), (20 bytes).
    Removing mdr32f9qx_rst_clk.o(i.RST_CLK_HSEconfig), (60 bytes).
    Removing mdr32f9qx_rst_clk.o(i.RST_CLK_HSEstatus), (52 bytes).
    Removing mdr32f9qx_rst_clk.o(i.RST_CLK_HSIadjust), (24 bytes).
    Removing mdr32f9qx_rst_clk.o(i.RST_CLK_HSIclkPrescaler), (24 bytes).
    Removing mdr32f9qx_rst_clk.o(i.RST_CLK_HSIcmd), (12 bytes).
    Removing mdr32f9qx_rst_clk.o(i.RST_CLK_HSIstatus), (52 bytes).
    Removing mdr32f9qx_rst_clk.o(i.RST_CLK_LSEconfig), (60 bytes).
    Removing mdr32f9qx_rst_clk.o(i.RST_CLK_LSEstatus), (52 bytes).
    Removing mdr32f9qx_rst_clk.o(i.RST_CLK_LSIadjust), (24 bytes).
    Removing mdr32f9qx_rst_clk.o(i.RST_CLK_LSIcmd), (12 bytes).
    Removing mdr32f9qx_rst_clk.o(i.RST_CLK_LSIstatus), (52 bytes).
    Removing mdr32f9qx_rst_clk.o(i.RST_CLK_RTC_HSEclkEnable), (12 bytes).
    Removing mdr32f9qx_rst_clk.o(i.RST_CLK_RTC_HSIclkEnable), (12 bytes).
    Removing mdr32f9qx_rst_clk.o(i.RST_CLK_USB_PLLcmd), (12 bytes).
    Removing mdr32f9qx_rst_clk.o(i.RST_CLK_USB_PLLconfig), (64 bytes).
    Removing mdr32f9qx_rst_clk.o(i.RST_CLK_USB_PLLstatus), (52 bytes).
    Removing mdr32f9qx_rst_clk.o(i.RST_CLK_USB_PLLuse), (12 bytes).
    Removing mdr32f9qx_rst_clk.o(i.RST_CLK_USBclkEnable), (12 bytes).
    Removing mdr32f9qx_rst_clk.o(i.RST_CLK_USBclkPrescaler), (12 bytes).
    Removing mdr32f9qx_rst_clk.o(i.RST_CLK_WarmDeInit), (84 bytes).

99 unused section(s) (total 3048 bytes) removed from the image.

==============================================================================

Image Symbol Table

    Local Symbols

    Symbol Name                              Value     Ov Type        Size  Object(Section)

    ../clib/angel/boardlib.s                 0x00000000   Number         0  boardshut.o ABSOLUTE
    ../clib/angel/boardlib.s                 0x00000000   Number         0  boardinit3.o ABSOLUTE
    ../clib/angel/boardlib.s                 0x00000000   Number         0  boardinit2.o ABSOLUTE
    ../clib/angel/boardlib.s                 0x00000000   Number         0  boardinit1.o ABSOLUTE
    ../clib/angel/handlers.s                 0x00000000   Number         0  __scatter_copy.o ABSOLUTE
    ../clib/angel/handlers.s                 0x00000000   Number         0  __scatter_zi.o ABSOLUTE
    ../clib/angel/kernel.s                   0x00000000   Number         0  __rtentry.o ABSOLUTE
    ../clib/angel/kernel.s                   0x00000000   Number         0  rtexit.o ABSOLUTE
    ../clib/angel/kernel.s                   0x00000000   Number         0  __rtentry2.o ABSOLUTE
    ../clib/angel/kernel.s                   0x00000000   Number         0  __rtentry4.o ABSOLUTE
    ../clib/angel/kernel.s                   0x00000000   Number         0  rtexit2.o ABSOLUTE
    ../clib/angel/rt.s                       0x00000000   Number         0  rt_heap_descriptor_intlibspace.o ABSOLUTE
    ../clib/angel/rt.s                       0x00000000   Number         0  rt_heap_descriptor.o ABSOLUTE
    ../clib/angel/rt.s                       0x00000000   Number         0  rt_raise.o ABSOLUTE
    ../clib/angel/rt.s                       0x00000000   Number         0  rt_locale.o ABSOLUTE
    ../clib/angel/rt.s                       0x00000000   Number         0  rt_locale_intlibspace.o ABSOLUTE
    ../clib/angel/scatter.s                  0x00000000   Number         0  __scatter.o ABSOLUTE
    ../clib/angel/startup.s                  0x00000000   Number         0  __main.o ABSOLUTE
    ../clib/angel/sys.s                      0x00000000   Number         0  use_no_semi.o ABSOLUTE
    ../clib/angel/sys.s                      0x00000000   Number         0  mutex_dummy.o ABSOLUTE
    ../clib/angel/sys.s                      0x00000000   Number         0  libspace.o ABSOLUTE
    ../clib/angel/sys.s                      0x00000000   Number         0  sys_stackheap_outer.o ABSOLUTE
    ../clib/angel/sys.s                      0x00000000   Number         0  indicate_semi.o ABSOLUTE
    ../clib/angel/sysapp.c                   0x00000000   Number         0  sys_wrch.o ABSOLUTE
    ../clib/angel/sysapp.c                   0x00000000   Number         0  sys_exit.o ABSOLUTE
    ../clib/angel/sysapp.c                   0x00000000   Number         0  sys_command.o ABSOLUTE
    ../clib/armsys.c                         0x00000000   Number         0  no_argv.o ABSOLUTE
    ../clib/armsys.c                         0x00000000   Number         0  _get_argv_nomalloc.o ABSOLUTE
    ../clib/armsys.c                         0x00000000   Number         0  argv_veneer.o ABSOLUTE
    ../clib/armsys.c                         0x00000000   Number         0  argv_veneer.o ABSOLUTE
    ../clib/armsys.c                         0x00000000   Number         0  _get_argv.o ABSOLUTE
    ../clib/bigflt.c                         0x00000000   Number         0  bigflt0.o ABSOLUTE
    ../clib/btod.s                           0x00000000   Number         0  btod.o ABSOLUTE
    ../clib/heap1.c                          0x00000000   Number         0  h1_init.o ABSOLUTE
    ../clib/heap1.c                          0x00000000   Number         0  h1_init_mt.o ABSOLUTE
    ../clib/heap1.c                          0x00000000   Number         0  h1_final.o ABSOLUTE
    ../clib/heap1.c                          0x00000000   Number         0  h1_alloc_mt.o ABSOLUTE
    ../clib/heap1.c                          0x00000000   Number         0  h1_free.o ABSOLUTE
    ../clib/heap1.c                          0x00000000   Number         0  h1_final_mt.o ABSOLUTE
    ../clib/heap1.c                          0x00000000   Number         0  h1_free_mt.o ABSOLUTE
    ../clib/heap1.c                          0x00000000   Number         0  h1_alloc.o ABSOLUTE
    ../clib/heap1.c                          0x00000000   Number         0  h1_extend_mt.o ABSOLUTE
    ../clib/heap1.c                          0x00000000   Number         0  h1_extend.o ABSOLUTE
    ../clib/heap2.c                          0x00000000   Number         0  fdtree.o ABSOLUTE
    ../clib/heap2.c                          0x00000000   Number         0  heap2.o ABSOLUTE
    ../clib/heap2.c                          0x00000000   Number         0  heap2mt.o ABSOLUTE
    ../clib/heapalloc.c                      0x00000000   Number         0  maybetermalloc2.o ABSOLUTE
    ../clib/heapalloc.c                      0x00000000   Number         0  term_alloc.o ABSOLUTE
    ../clib/heapalloc.c                      0x00000000   Number         0  hguard.o ABSOLUTE
    ../clib/heapalloc.c                      0x00000000   Number         0  init_alloc.o ABSOLUTE
    ../clib/heapalloc.c                      0x00000000   Number         0  heapstubs.o ABSOLUTE
    ../clib/heapalloc.c                      0x00000000   Number         0  maybetermalloc1.o ABSOLUTE
    ../clib/heapalloc.c                      0x00000000   Number         0  maybetermalloc1.o ABSOLUTE
    ../clib/heapalloc.c                      0x00000000   Number         0  malloc.o ABSOLUTE
    ../clib/heapalloc.c                      0x00000000   Number         0  free.o ABSOLUTE
    ../clib/heapalloc.c                      0x00000000   Number         0  hrguard.o ABSOLUTE
    ../clib/heapalloc.c                      0x00000000   Number         0  maybetermalloc2.o ABSOLUTE
    ../clib/heapaux.c                        0x00000000   Number         0  heapauxi.o ABSOLUTE
    ../clib/heapaux.c                        0x00000000   Number         0  heapauxa.o ABSOLUTE
    ../clib/libinit.s                        0x00000000   Number         0  libinit2.o ABSOLUTE
    ../clib/libinit.s                        0x00000000   Number         0  libshutdown.o ABSOLUTE
    ../clib/libinit.s                        0x00000000   Number         0  libinit.o ABSOLUTE
    ../clib/libinit.s                        0x00000000   Number         0  libshutdown2.o ABSOLUTE
    ../clib/locale.s                         0x00000000   Number         0  lc_numeric_c.o ABSOLUTE
    ../clib/longlong.s                       0x00000000   Number         0  lludiv10.o ABSOLUTE
    ../clib/memcpset.s                       0x00000000   Number         0  strcmpv7m.o ABSOLUTE
    ../clib/memcpset.s                       0x00000000   Number         0  rt_memcpy_w.o ABSOLUTE
    ../clib/printf.c                         0x00000000   Number         0  __printf_flags.o ABSOLUTE
    ../clib/printf.c                         0x00000000   Number         0  __printf_ss.o ABSOLUTE
    ../clib/printf.c                         0x00000000   Number         0  __printf_flags_ss.o ABSOLUTE
    ../clib/printf.c                         0x00000000   Number         0  __printf_wp.o ABSOLUTE
    ../clib/printf.c                         0x00000000   Number         0  __printf_flags_wp.o ABSOLUTE
    ../clib/printf.c                         0x00000000   Number         0  __printf_ss_wp.o ABSOLUTE
    ../clib/printf.c                         0x00000000   Number         0  __printf_flags_ss_wp.o ABSOLUTE
    ../clib/printf.c                         0x00000000   Number         0  _printf_fp_infnan.o ABSOLUTE
    ../clib/printf.c                         0x00000000   Number         0  __printf.o ABSOLUTE
    ../clib/printf.c                         0x00000000   Number         0  noretval__2sprintf.o ABSOLUTE
    ../clib/printf.c                         0x00000000   Number         0  __2sprintf.o ABSOLUTE
    ../clib/printf.c                         0x00000000   Number         0  _printf_char.o ABSOLUTE
    ../clib/printf.c                         0x00000000   Number         0  __printf_nopercent.o ABSOLUTE
    ../clib/printf.c                         0x00000000   Number         0  _printf_str.o ABSOLUTE
    ../clib/printf.c                         0x00000000   Number         0  _printf_dec.o ABSOLUTE
    ../clib/printf.c                         0x00000000   Number         0  _sputc.o ABSOLUTE
    ../clib/printf.c                         0x00000000   Number         0  _printf_char_common.o ABSOLUTE
    ../clib/printf.c                         0x00000000   Number         0  _printf_fp_dec.o ABSOLUTE
    ../clib/printf.c                         0x00000000   Number         0  _printf_intcommon.o ABSOLUTE
    ../clib/printf_percent.s                 0x00000000   Number         0  _printf_s.o ABSOLUTE
    ../clib/printf_percent.s                 0x00000000   Number         0  _printf_d.o ABSOLUTE
    ../clib/printf_percent.s                 0x00000000   Number         0  _printf_f.o ABSOLUTE
    ../clib/printf_percent.s                 0x00000000   Number         0  _printf_percent.o ABSOLUTE
    ../clib/printf_percent.s                 0x00000000   Number         0  _printf_percent_end.o ABSOLUTE
    ../clib/signal.c                         0x00000000   Number         0  defsig_exit.o ABSOLUTE
    ../clib/signal.c                         0x00000000   Number         0  defsig_rtmem_inner.o ABSOLUTE
    ../clib/signal.c                         0x00000000   Number         0  __raise.o ABSOLUTE
    ../clib/signal.c                         0x00000000   Number         0  defsig_general.o ABSOLUTE
    ../clib/signal.c                         0x00000000   Number         0  defsig_abrt_inner.o ABSOLUTE
    ../clib/signal.c                         0x00000000   Number         0  defsig_fpe_inner.o ABSOLUTE
    ../clib/signal.c                         0x00000000   Number         0  defsig_rtred_inner.o ABSOLUTE
    ../clib/signal.c                         0x00000000   Number         0  defsig_stak_inner.o ABSOLUTE
    ../clib/signal.c                         0x00000000   Number         0  defsig_pvfn_inner.o ABSOLUTE
    ../clib/signal.c                         0x00000000   Number         0  defsig_cppl_inner.o ABSOLUTE
    ../clib/signal.c                         0x00000000   Number         0  defsig_segv_inner.o ABSOLUTE
    ../clib/signal.c                         0x00000000   Number         0  defsig_other.o ABSOLUTE
    ../clib/signal.c                         0x00000000   Number         0  defsig_rtmem_formal.o ABSOLUTE
    ../clib/signal.c                         0x00000000   Number         0  defsig_rtmem_outer.o ABSOLUTE
    ../clib/signal.s                         0x00000000   Number         0  defsig.o ABSOLUTE
    ../clib/stdlib.c                         0x00000000   Number         0  rand.o ABSOLUTE
    ../clib/stdlib.c                         0x00000000   Number         0  exit.o ABSOLUTE
    ../clib/stdlib.c                         0x00000000   Number         0  rand.o ABSOLUTE
    ../fplib/dretinf.s                       0x00000000   Number         0  dretinf.o ABSOLUTE
    ../fplib/f2d.s                           0x00000000   Number         0  f2d.o ABSOLUTE
    ../fplib/faddsub.s                       0x00000000   Number         0  faddsub_clz.o ABSOLUTE
    ../fplib/fdiv.s                          0x00000000   Number         0  fdiv.o ABSOLUTE
    ../fplib/fflt.s                          0x00000000   Number         0  fflt_clz.o ABSOLUTE
    ../fplib/fnaninf.s                       0x00000000   Number         0  fnaninf.o ABSOLUTE
    ../fplib/fpinit.s                        0x00000000   Number         0  fpinit.o ABSOLUTE
    ../fplib/fretinf.s                       0x00000000   Number         0  fretinf.o ABSOLUTE
    ../fplib/istatus.s                       0x00000000   Number         0  istatus.o ABSOLUTE
    ../fplib/printf1.s                       0x00000000   Number         0  printf1.o ABSOLUTE
    ../fplib/usenofp.s                       0x00000000   Number         0  usenofp.o ABSOLUTE
    ../mathlib/fpclassify.c                  0x00000000   Number         0  fpclassify.o ABSOLUTE
    C:\Users\KDFX Team\AppData\Local\Arm\Packs\Keil\MDR1986BExx\1.5.3\Libraries\MDR32F9Qx_StdPeriph_Driver\src\MDR32F9Qx_adc.c 0x00000000   Number         0  mdr32f9qx_adc.o ABSOLUTE
    C:\Users\KDFX Team\AppData\Local\Arm\Packs\Keil\MDR1986BExx\1.5.3\Libraries\MDR32F9Qx_StdPeriph_Driver\src\MDR32F9Qx_port.c 0x00000000   Number         0  mdr32f9qx_port.o ABSOLUTE
    C:\Users\KDFX Team\AppData\Local\Arm\Packs\Keil\MDR1986BExx\1.5.3\Libraries\MDR32F9Qx_StdPeriph_Driver\src\MDR32F9Qx_rst_clk.c 0x00000000   Number         0  mdr32f9qx_rst_clk.o ABSOLUTE
    C:\\Users\\KDFX Team\\AppData\\Local\\Arm\\Packs\\Keil\\MDR1986BExx\\1.5.3\\Libraries\\MDR32F9Qx_StdPeriph_Driver\\src\\MDR32F9Qx_adc.c 0x00000000   Number         0  mdr32f9qx_adc.o ABSOLUTE
    C:\\Users\\KDFX Team\\AppData\\Local\\Arm\\Packs\\Keil\\MDR1986BExx\\1.5.3\\Libraries\\MDR32F9Qx_StdPeriph_Driver\\src\\MDR32F9Qx_port.c 0x00000000   Number         0  mdr32f9qx_port.o ABSOLUTE
    C:\\Users\\KDFX Team\\AppData\\Local\\Arm\\Packs\\Keil\\MDR1986BExx\\1.5.3\\Libraries\\MDR32F9Qx_StdPeriph_Driver\\src\\MDR32F9Qx_rst_clk.c 0x00000000   Number         0  mdr32f9qx_rst_clk.o ABSOLUTE
    RTE\Device\MDR1986BE92\startup_MDR32F9Qx.s 0x00000000   Number         0  startup_mdr32f9qx.o ABSOLUTE
    RTE\Device\MDR1986BE92\system_MDR32F9Qx.c 0x00000000   Number         0  system_mdr32f9qx.o ABSOLUTE
    RTE\\Device\\MDR1986BE92\\system_MDR32F9Qx.c 0x00000000   Number         0  system_mdr32f9qx.o ABSOLUTE
    dc.s                                     0x00000000   Number         0  dc.o ABSOLUTE
    main.c                                   0x00000000   Number         0  main.o ABSOLUTE
    main.c                                   0x00000000   Number         0  main.o ABSOLUTE
    RESET                                    0x08000000   Section      192  startup_mdr32f9qx.o(RESET)
    !!!main                                  0x080000c0   Section        8  __main.o(!!!main)
    !!!scatter                               0x080000c8   Section       52  __scatter.o(!!!scatter)
    !!handler_copy                           0x080000fc   Section       26  __scatter_copy.o(!!handler_copy)
    !!handler_zi                             0x08000118   Section       28  __scatter_zi.o(!!handler_zi)
    .ARM.Collect$$_printf_percent$$00000000  0x08000134   Section        0  _printf_percent.o(.ARM.Collect$$_printf_percent$$00000000)
    .ARM.Collect$$_printf_percent$$00000003  0x08000134   Section        6  _printf_f.o(.ARM.Collect$$_printf_percent$$00000003)
    .ARM.Collect$$_printf_percent$$00000009  0x0800013a   Section        6  _printf_d.o(.ARM.Collect$$_printf_percent$$00000009)
    .ARM.Collect$$_printf_percent$$00000014  0x08000140   Section        6  _printf_s.o(.ARM.Collect$$_printf_percent$$00000014)
    .ARM.Collect$$_printf_percent$$00000017  0x08000146   Section        4  _printf_percent_end.o(.ARM.Collect$$_printf_percent$$00000017)
    .ARM.Collect$$libinit$$00000000          0x0800014a   Section        2  libinit.o(.ARM.Collect$$libinit$$00000000)
    .ARM.Collect$$libinit$$00000002          0x0800014c   Section        0  libinit2.o(.ARM.Collect$$libinit$$00000002)
    .ARM.Collect$$libinit$$00000004          0x0800014c   Section        0  libinit2.o(.ARM.Collect$$libinit$$00000004)
    .ARM.Collect$$libinit$$00000005          0x0800014c   Section        8  libinit2.o(.ARM.Collect$$libinit$$00000005)
    .ARM.Collect$$libinit$$0000000A          0x08000154   Section        0  libinit2.o(.ARM.Collect$$libinit$$0000000A)
    .ARM.Collect$$libinit$$0000000C          0x08000154   Section        0  libinit2.o(.ARM.Collect$$libinit$$0000000C)
    .ARM.Collect$$libinit$$0000000D          0x08000154   Section        4  libinit2.o(.ARM.Collect$$libinit$$0000000D)
    .ARM.Collect$$libinit$$0000000E          0x08000158   Section        0  libinit2.o(.ARM.Collect$$libinit$$0000000E)
    .ARM.Collect$$libinit$$0000000F          0x08000158   Section        6  libinit2.o(.ARM.Collect$$libinit$$0000000F)
    .ARM.Collect$$libinit$$00000011          0x0800015e   Section        0  libinit2.o(.ARM.Collect$$libinit$$00000011)
    .ARM.Collect$$libinit$$00000013          0x0800015e   Section        0  libinit2.o(.ARM.Collect$$libinit$$00000013)
    .ARM.Collect$$libinit$$00000015          0x0800015e   Section        0  libinit2.o(.ARM.Collect$$libinit$$00000015)
    .ARM.Collect$$libinit$$00000016          0x0800015e   Section       10  libinit2.o(.ARM.Collect$$libinit$$00000016)
    .ARM.Collect$$libinit$$00000017          0x08000168   Section        0  libinit2.o(.ARM.Collect$$libinit$$00000017)
    .ARM.Collect$$libinit$$00000019          0x08000168   Section        0  libinit2.o(.ARM.Collect$$libinit$$00000019)
    .ARM.Collect$$libinit$$0000001B          0x08000168   Section        0  libinit2.o(.ARM.Collect$$libinit$$0000001B)
    .ARM.Collect$$libinit$$0000001D          0x08000168   Section        0  libinit2.o(.ARM.Collect$$libinit$$0000001D)
    .ARM.Collect$$libinit$$0000001F          0x08000168   Section        0  libinit2.o(.ARM.Collect$$libinit$$0000001F)
    .ARM.Collect$$libinit$$00000021          0x08000168   Section        0  libinit2.o(.ARM.Collect$$libinit$$00000021)
    .ARM.Collect$$libinit$$00000023          0x08000168   Section        0  libinit2.o(.ARM.Collect$$libinit$$00000023)
    .ARM.Collect$$libinit$$00000025          0x08000168   Section        0  libinit2.o(.ARM.Collect$$libinit$$00000025)
    .ARM.Collect$$libinit$$0000002C          0x08000168   Section        0  libinit2.o(.ARM.Collect$$libinit$$0000002C)
    .ARM.Collect$$libinit$$0000002E          0x08000168   Section        0  libinit2.o(.ARM.Collect$$libinit$$0000002E)
    .ARM.Collect$$libinit$$00000030          0x08000168   Section        0  libinit2.o(.ARM.Collect$$libinit$$00000030)
    .ARM.Collect$$libinit$$00000032          0x08000168   Section        0  libinit2.o(.ARM.Collect$$libinit$$00000032)
    .ARM.Collect$$libinit$$00000033          0x08000168   Section        2  libinit2.o(.ARM.Collect$$libinit$$00000033)
    .ARM.Collect$$libshutdown$$00000000      0x0800016a   Section        2  libshutdown.o(.ARM.Collect$$libshutdown$$00000000)
    .ARM.Collect$$libshutdown$$00000002      0x0800016c   Section        0  libshutdown2.o(.ARM.Collect$$libshutdown$$00000002)
    .ARM.Collect$$libshutdown$$00000004      0x0800016c   Section        0  libshutdown2.o(.ARM.Collect$$libshutdown$$00000004)
    .ARM.Collect$$libshutdown$$00000006      0x0800016c   Section        0  libshutdown2.o(.ARM.Collect$$libshutdown$$00000006)
    .ARM.Collect$$libshutdown$$00000009      0x0800016c   Section        0  libshutdown2.o(.ARM.Collect$$libshutdown$$00000009)
    .ARM.Collect$$libshutdown$$0000000C      0x0800016c   Section        0  libshutdown2.o(.ARM.Collect$$libshutdown$$0000000C)
    .ARM.Collect$$libshutdown$$0000000E      0x0800016c   Section        0  libshutdown2.o(.ARM.Collect$$libshutdown$$0000000E)
    .ARM.Collect$$libshutdown$$00000011      0x0800016c   Section        0  libshutdown2.o(.ARM.Collect$$libshutdown$$00000011)
    .ARM.Collect$$libshutdown$$00000012      0x0800016c   Section        2  libshutdown2.o(.ARM.Collect$$libshutdown$$00000012)
    .ARM.Collect$$rtentry$$00000000          0x0800016e   Section        0  __rtentry.o(.ARM.Collect$$rtentry$$00000000)
    .ARM.Collect$$rtentry$$00000002          0x0800016e   Section        0  __rtentry2.o(.ARM.Collect$$rtentry$$00000002)
    .ARM.Collect$$rtentry$$00000004          0x0800016e   Section        6  __rtentry4.o(.ARM.Collect$$rtentry$$00000004)
    .ARM.Collect$$rtentry$$00000009          0x08000174   Section        0  __rtentry2.o(.ARM.Collect$$rtentry$$00000009)
    .ARM.Collect$$rtentry$$0000000A          0x08000174   Section        4  __rtentry2.o(.ARM.Collect$$rtentry$$0000000A)
    .ARM.Collect$$rtentry$$0000000C          0x08000178   Section        0  __rtentry2.o(.ARM.Collect$$rtentry$$0000000C)
    .ARM.Collect$$rtentry$$0000000D          0x08000178   Section        8  __rtentry2.o(.ARM.Collect$$rtentry$$0000000D)
    .ARM.Collect$$rtexit$$00000000           0x08000180   Section        2  rtexit.o(.ARM.Collect$$rtexit$$00000000)
    .ARM.Collect$$rtexit$$00000002           0x08000182   Section        0  rtexit2.o(.ARM.Collect$$rtexit$$00000002)
    .ARM.Collect$$rtexit$$00000003           0x08000182   Section        4  rtexit2.o(.ARM.Collect$$rtexit$$00000003)
    .ARM.Collect$$rtexit$$00000004           0x08000186   Section        6  rtexit2.o(.ARM.Collect$$rtexit$$00000004)
    .emb_text                                0x0800018c   Section       52  rand.o(.emb_text)
    .emb_text                                0x080001c0   Section        0  maybetermalloc1.o(.emb_text)
    .text                                    0x080001c0   Section       64  startup_mdr32f9qx.o(.text)
    .text                                    0x08000200   Section        0  h1_alloc.o(.text)
    .text                                    0x0800025e   Section        0  h1_free.o(.text)
    .text                                    0x080002ac   Section        0  noretval__2sprintf.o(.text)
    .text                                    0x080002d4   Section        0  __printf.o(.text)
    .text                                    0x0800033c   Section        0  _printf_str.o(.text)
    .text                                    0x08000390   Section        0  _printf_dec.o(.text)
    .text                                    0x08000408   Section        0  rand.o(.text)
    .text                                    0x08000444   Section        0  heapauxi.o(.text)
    .text                                    0x0800044c   Section        8  rt_heap_descriptor_intlibspace.o(.text)
    .text                                    0x08000454   Section        0  hguard.o(.text)
    .text                                    0x08000458   Section        0  init_alloc.o(.text)
    .text                                    0x080004e2   Section        0  h1_init.o(.text)
    .text                                    0x080004f0   Section        0  _printf_intcommon.o(.text)
    .text                                    0x080005a2   Section        0  _printf_fp_dec.o(.text)
    _fp_digits                               0x080005a5   Thumb Code   432  _printf_fp_dec.o(.text)
    .text                                    0x080009c0   Section        0  _printf_char_common.o(.text)
    _printf_input_char                       0x080009c1   Thumb Code    10  _printf_char_common.o(.text)
    .text                                    0x080009f0   Section        0  _sputc.o(.text)
    .text                                    0x080009fa   Section        0  _printf_char.o(.text)
    .text                                    0x08000a28   Section        8  libspace.o(.text)
    .text                                    0x08000a30   Section        8  rt_locale_intlibspace.o(.text)
    .text                                    0x08000a38   Section        0  h1_extend.o(.text)
    .text                                    0x08000a6c   Section      138  lludiv10.o(.text)
    .text                                    0x08000af8   Section        0  _printf_fp_infnan.o(.text)
    .text                                    0x08000b78   Section        0  bigflt0.o(.text)
    .text                                    0x08000c5c   Section        0  defsig_rtmem_outer.o(.text)
    .text                                    0x08000c6a   Section        2  use_no_semi.o(.text)
    .text                                    0x08000c6c   Section       74  sys_stackheap_outer.o(.text)
    .text                                    0x08000c6c   Section        0  indicate_semi.o(.text)
    .text                                    0x08000cb6   Section        0  exit.o(.text)
    .text                                    0x08000cc8   Section        0  defsig_exit.o(.text)
    .text                                    0x08000cd4   Section        0  defsig_rtmem_inner.o(.text)
    .text                                    0x08000d24   Section      128  strcmpv7m.o(.text)
    .text                                    0x08000da4   Section        0  sys_exit.o(.text)
    .text                                    0x08000db0   Section        0  defsig_general.o(.text)
    .text                                    0x08000de2   Section        0  sys_wrch.o(.text)
    CL$$btod_d2e                             0x08000df0   Section       62  btod.o(CL$$btod_d2e)
    CL$$btod_d2e_denorm_low                  0x08000e2e   Section       70  btod.o(CL$$btod_d2e_denorm_low)
    CL$$btod_d2e_norm_op1                    0x08000e74   Section       96  btod.o(CL$$btod_d2e_norm_op1)
    CL$$btod_div_common                      0x08000ed4   Section      824  btod.o(CL$$btod_div_common)
    CL$$btod_e2e                             0x0800120c   Section      220  btod.o(CL$$btod_e2e)
    CL$$btod_ediv                            0x080012e8   Section       42  btod.o(CL$$btod_ediv)
    CL$$btod_emul                            0x08001312   Section       42  btod.o(CL$$btod_emul)
    CL$$btod_mult_common                     0x0800133c   Section      580  btod.o(CL$$btod_mult_common)
    i.BUT_init                               0x08001580   Section        0  main.o(i.BUT_init)
    i.Delay_ms                               0x080015ac   Section        0  main.o(i.Delay_ms)
    i.HSI_init                               0x080015c0   Section        0  main.o(i.HSI_init)
    i.LED_init                               0x08001604   Section        0  main.o(i.LED_init)
    i.PORT_Init                              0x08001644   Section        0  mdr32f9qx_port.o(i.PORT_Init)
    i.PORT_ResetBits                         0x0800180c   Section        0  mdr32f9qx_port.o(i.PORT_ResetBits)
    i.PORT_SetBits                           0x08001828   Section        0  mdr32f9qx_port.o(i.PORT_SetBits)
    i.PerClkConfig                           0x08001844   Section        0  main.o(i.PerClkConfig)
    i.RST_CLK_PCLKcmd                        0x080018ac   Section        0  mdr32f9qx_rst_clk.o(i.RST_CLK_PCLKcmd)
    i.SysTick_Handler                        0x080018cc   Section        0  main.o(i.SysTick_Handler)
    i.SysTick_init                           0x080018e4   Section        0  main.o(i.SysTick_init)
    i.SystemCoreClockUpdate                  0x08001904   Section        0  system_mdr32f9qx.o(i.SystemCoreClockUpdate)
    i.SystemInit                             0x08001994   Section        0  system_mdr32f9qx.o(i.SystemInit)
    i.__ARM_fpclassify                       0x080019d4   Section        0  fpclassify.o(i.__ARM_fpclassify)
    i.fmatrix                                0x080019fc   Section        0  main.o(i.fmatrix)
    i.hash                                   0x08001aec   Section        0  main.o(i.hash)
    i.main                                   0x08001b18   Section        0  main.o(i.main)
    i.matrix                                 0x08001c08   Section        0  main.o(i.matrix)
    i.refibonacci                            0x08001cca   Section        0  main.o(i.refibonacci)
    locale$$code                             0x08001cec   Section       44  lc_numeric_c.o(locale$$code)
    x$fpl$dretinf                            0x08001d18   Section       12  dretinf.o(x$fpl$dretinf)
    x$fpl$f2d                                0x08001d24   Section       86  f2d.o(x$fpl$f2d)
    x$fpl$fadd                               0x08001d7c   Section      196  faddsub_clz.o(x$fpl$fadd)
    _fadd1                                   0x08001d8b   Thumb Code     0  faddsub_clz.o(x$fpl$fadd)
    x$fpl$fdiv                               0x08001e40   Section      388  fdiv.o(x$fpl$fdiv)
    _fdiv1                                   0x08001e41   Thumb Code     0  fdiv.o(x$fpl$fdiv)
    x$fpl$fflt                               0x08001fc4   Section       48  fflt_clz.o(x$fpl$fflt)
    x$fpl$fnaninf                            0x08001ff4   Section      140  fnaninf.o(x$fpl$fnaninf)
    x$fpl$fretinf                            0x08002080   Section       10  fretinf.o(x$fpl$fretinf)
    x$fpl$fsub                               0x0800208c   Section      234  faddsub_clz.o(x$fpl$fsub)
    _fsub1                                   0x0800209b   Thumb Code     0  faddsub_clz.o(x$fpl$fsub)
    x$fpl$printf1                            0x08002176   Section        4  printf1.o(x$fpl$printf1)
    x$fpl$usenofp                            0x0800217a   Section        0  usenofp.o(x$fpl$usenofp)
    .constdata                               0x0800217c   Section      148  bigflt0.o(.constdata)
    tenpwrs_x                                0x0800217c   Data          60  bigflt0.o(.constdata)
    tenpwrs_i                                0x080021b8   Data          64  bigflt0.o(.constdata)
    locale$$data                             0x08002230   Section       28  lc_numeric_c.o(locale$$data)
    __lcnum_c_name                           0x08002234   Data           2  lc_numeric_c.o(locale$$data)
    __lcnum_c_start                          0x0800223c   Data           0  lc_numeric_c.o(locale$$data)
    __lcnum_c_point                          0x08002248   Data           0  lc_numeric_c.o(locale$$data)
    __lcnum_c_thousands                      0x0800224a   Data           0  lc_numeric_c.o(locale$$data)
    __lcnum_c_grouping                       0x0800224b   Data           0  lc_numeric_c.o(locale$$data)
    __lcnum_c_end                            0x0800224c   Data           0  lc_numeric_c.o(locale$$data)
    .data                                    0x20000000   Section        4  main.o(.data)
    .data                                    0x20000004   Section        4  system_mdr32f9qx.o(.data)
    .bss                                     0x20000008   Section       12  main.o(.bss)
    PortInit                                 0x20000008   Data          12  main.o(.bss)
    .bss                                     0x20000014   Section      228  rand.o(.bss)
    .bss                                     0x200000f8   Section       96  libspace.o(.bss)
    HEAP                                     0x20000158   Section      512  startup_mdr32f9qx.o(HEAP)
    Heap_Mem                                 0x20000158   Data         512  startup_mdr32f9qx.o(HEAP)
    STACK                                    0x20000358   Section     1024  startup_mdr32f9qx.o(STACK)
    Stack_Mem                                0x20000358   Data        1024  startup_mdr32f9qx.o(STACK)
    __initial_sp                             0x20000758   Data           0  startup_mdr32f9qx.o(STACK)

    Global Symbols

    Symbol Name                              Value     Ov Type        Size  Object(Section)

    BuildAttributes$$THM_ISAv4$P$D$K$B$S$PE$A:L22UL41UL21$X:L11$S22US41US21$IEEE1$IW$USESV6$~STKCKD$USESV7$~SHL$OTIME$ROPI$IEEEJ$EBA8$UX$STANDARDLIB$REQ8$PRES8$EABIv2 0x00000000   Number         0  anon$$obj.o ABSOLUTE
    __ARM_use_no_argv                        0x00000000   Number         0  main.o ABSOLUTE
    __ARM_exceptions_init                     - Undefined Weak Reference
    __alloca_initialize                       - Undefined Weak Reference
    __arm_fini_                               - Undefined Weak Reference
    __arm_preinit_                            - Undefined Weak Reference
    __cpp_initialize__aeabi_                  - Undefined Weak Reference
    __cxa_finalize                            - Undefined Weak Reference
    __sigvec_lookup                           - Undefined Weak Reference
    __user_heap_extent                        - Undefined Weak Reference
    _atexit_init                              - Undefined Weak Reference
    _call_atexit_fns                          - Undefined Weak Reference
    _clock_init                               - Undefined Weak Reference
    _fp_trap_init                             - Undefined Weak Reference
    _fp_trap_shutdown                         - Undefined Weak Reference
    _get_lc_collate                           - Undefined Weak Reference
    _get_lc_ctype                             - Undefined Weak Reference
    _get_lc_monetary                          - Undefined Weak Reference
    _get_lc_time                              - Undefined Weak Reference
    _getenv_init                              - Undefined Weak Reference
    _handle_redirection                       - Undefined Weak Reference
    _initio                                   - Undefined Weak Reference
    _mutex_acquire                            - Undefined Weak Reference
    _mutex_free                               - Undefined Weak Reference
    _mutex_release                            - Undefined Weak Reference
    _printf_mbtowc                            - Undefined Weak Reference
    _printf_post_padding                      - Undefined Weak Reference
    _printf_pre_padding                       - Undefined Weak Reference
    _printf_truncate_signed                   - Undefined Weak Reference
    _printf_truncate_unsigned                 - Undefined Weak Reference
    _signal_finish                            - Undefined Weak Reference
    _signal_init                              - Undefined Weak Reference
    _terminateio                              - Undefined Weak Reference
    __Vectors_Size                           0x000000c0   Number         0  startup_mdr32f9qx.o ABSOLUTE
    __Vectors                                0x08000000   Data           4  startup_mdr32f9qx.o(RESET)
    __Vectors_End                            0x080000c0   Data           0  startup_mdr32f9qx.o(RESET)
    __main                                   0x080000c1   Thumb Code     8  __main.o(!!!main)
    __scatterload                            0x080000c9   Thumb Code     0  __scatter.o(!!!scatter)
    __scatterload_rt2                        0x080000c9   Thumb Code    44  __scatter.o(!!!scatter)
    __scatterload_rt2_thumb_only             0x080000c9   Thumb Code     0  __scatter.o(!!!scatter)
    __scatterload_null                       0x080000d7   Thumb Code     0  __scatter.o(!!!scatter)
    __scatterload_copy                       0x080000fd   Thumb Code    26  __scatter_copy.o(!!handler_copy)
    __scatterload_zeroinit                   0x08000119   Thumb Code    28  __scatter_zi.o(!!handler_zi)
    _printf_f                                0x08000135   Thumb Code     0  _printf_f.o(.ARM.Collect$$_printf_percent$$00000003)
    _printf_percent                          0x08000135   Thumb Code     0  _printf_percent.o(.ARM.Collect$$_printf_percent$$00000000)
    _printf_d                                0x0800013b   Thumb Code     0  _printf_d.o(.ARM.Collect$$_printf_percent$$00000009)
    _printf_s                                0x08000141   Thumb Code     0  _printf_s.o(.ARM.Collect$$_printf_percent$$00000014)
    _printf_percent_end                      0x08000147   Thumb Code     0  _printf_percent_end.o(.ARM.Collect$$_printf_percent$$00000017)
    __rt_lib_init                            0x0800014b   Thumb Code     0  libinit.o(.ARM.Collect$$libinit$$00000000)
    __rt_lib_init_fp_1                       0x0800014d   Thumb Code     0  libinit2.o(.ARM.Collect$$libinit$$00000002)
    __rt_lib_init_heap_2                     0x0800014d   Thumb Code     0  libinit2.o(.ARM.Collect$$libinit$$00000005)
    __rt_lib_init_preinit_1                  0x0800014d   Thumb Code     0  libinit2.o(.ARM.Collect$$libinit$$00000004)
    __rt_lib_init_heap_1                     0x08000155   Thumb Code     0  libinit2.o(.ARM.Collect$$libinit$$0000000A)
    __rt_lib_init_rand_2                     0x08000155   Thumb Code     0  libinit2.o(.ARM.Collect$$libinit$$0000000D)
    __rt_lib_init_user_alloc_1               0x08000155   Thumb Code     0  libinit2.o(.ARM.Collect$$libinit$$0000000C)
    __rt_lib_init_lc_common                  0x08000159   Thumb Code     0  libinit2.o(.ARM.Collect$$libinit$$0000000F)
    __rt_lib_init_rand_1                     0x08000159   Thumb Code     0  libinit2.o(.ARM.Collect$$libinit$$0000000E)
    __rt_lib_init_lc_collate_1               0x0800015f   Thumb Code     0  libinit2.o(.ARM.Collect$$libinit$$00000011)
    __rt_lib_init_lc_ctype_1                 0x0800015f   Thumb Code     0  libinit2.o(.ARM.Collect$$libinit$$00000013)
    __rt_lib_init_lc_monetary_1              0x0800015f   Thumb Code     0  libinit2.o(.ARM.Collect$$libinit$$00000015)
    __rt_lib_init_lc_numeric_2               0x0800015f   Thumb Code     0  libinit2.o(.ARM.Collect$$libinit$$00000016)
    __rt_lib_init_alloca_1                   0x08000169   Thumb Code     0  libinit2.o(.ARM.Collect$$libinit$$0000002E)
    __rt_lib_init_argv_1                     0x08000169   Thumb Code     0  libinit2.o(.ARM.Collect$$libinit$$0000002C)
    __rt_lib_init_atexit_1                   0x08000169   Thumb Code     0  libinit2.o(.ARM.Collect$$libinit$$0000001B)
    __rt_lib_init_clock_1                    0x08000169   Thumb Code     0  libinit2.o(.ARM.Collect$$libinit$$00000021)
    __rt_lib_init_cpp_1                      0x08000169   Thumb Code     0  libinit2.o(.ARM.Collect$$libinit$$00000032)
    __rt_lib_init_exceptions_1               0x08000169   Thumb Code     0  libinit2.o(.ARM.Collect$$libinit$$00000030)
    __rt_lib_init_fp_trap_1                  0x08000169   Thumb Code     0  libinit2.o(.ARM.Collect$$libinit$$0000001F)
    __rt_lib_init_getenv_1                   0x08000169   Thumb Code     0  libinit2.o(.ARM.Collect$$libinit$$00000023)
    __rt_lib_init_lc_numeric_1               0x08000169   Thumb Code     0  libinit2.o(.ARM.Collect$$libinit$$00000017)
    __rt_lib_init_lc_time_1                  0x08000169   Thumb Code     0  libinit2.o(.ARM.Collect$$libinit$$00000019)
    __rt_lib_init_return                     0x08000169   Thumb Code     0  libinit2.o(.ARM.Collect$$libinit$$00000033)
    __rt_lib_init_signal_1                   0x08000169   Thumb Code     0  libinit2.o(.ARM.Collect$$libinit$$0000001D)
    __rt_lib_init_stdio_1                    0x08000169   Thumb Code     0  libinit2.o(.ARM.Collect$$libinit$$00000025)
    __rt_lib_shutdown                        0x0800016b   Thumb Code     0  libshutdown.o(.ARM.Collect$$libshutdown$$00000000)
    __rt_lib_shutdown_cpp_1                  0x0800016d   Thumb Code     0  libshutdown2.o(.ARM.Collect$$libshutdown$$00000004)
    __rt_lib_shutdown_fini_1                 0x0800016d   Thumb Code     0  libshutdown2.o(.ARM.Collect$$libshutdown$$00000002)
    __rt_lib_shutdown_fp_trap_1              0x0800016d   Thumb Code     0  libshutdown2.o(.ARM.Collect$$libshutdown$$00000009)
    __rt_lib_shutdown_heap_1                 0x0800016d   Thumb Code     0  libshutdown2.o(.ARM.Collect$$libshutdown$$00000011)
    __rt_lib_shutdown_return                 0x0800016d   Thumb Code     0  libshutdown2.o(.ARM.Collect$$libshutdown$$00000012)
    __rt_lib_shutdown_signal_1               0x0800016d   Thumb Code     0  libshutdown2.o(.ARM.Collect$$libshutdown$$0000000C)
    __rt_lib_shutdown_stdio_1                0x0800016d   Thumb Code     0  libshutdown2.o(.ARM.Collect$$libshutdown$$00000006)
    __rt_lib_shutdown_user_alloc_1           0x0800016d   Thumb Code     0  libshutdown2.o(.ARM.Collect$$libshutdown$$0000000E)
    __rt_entry                               0x0800016f   Thumb Code     0  __rtentry.o(.ARM.Collect$$rtentry$$00000000)
    __rt_entry_presh_1                       0x0800016f   Thumb Code     0  __rtentry2.o(.ARM.Collect$$rtentry$$00000002)
    __rt_entry_sh                            0x0800016f   Thumb Code     0  __rtentry4.o(.ARM.Collect$$rtentry$$00000004)
    __rt_entry_li                            0x08000175   Thumb Code     0  __rtentry2.o(.ARM.Collect$$rtentry$$0000000A)
    __rt_entry_postsh_1                      0x08000175   Thumb Code     0  __rtentry2.o(.ARM.Collect$$rtentry$$00000009)
    __rt_entry_main                          0x08000179   Thumb Code     0  __rtentry2.o(.ARM.Collect$$rtentry$$0000000D)
    __rt_entry_postli_1                      0x08000179   Thumb Code     0  __rtentry2.o(.ARM.Collect$$rtentry$$0000000C)
    __rt_exit                                0x08000181   Thumb Code     0  rtexit.o(.ARM.Collect$$rtexit$$00000000)
    __rt_exit_ls                             0x08000183   Thumb Code     0  rtexit2.o(.ARM.Collect$$rtexit$$00000003)
    __rt_exit_prels_1                        0x08000183   Thumb Code     0  rtexit2.o(.ARM.Collect$$rtexit$$00000002)
    __rt_exit_exit                           0x08000187   Thumb Code     0  rtexit2.o(.ARM.Collect$$rtexit$$00000004)
    rand                                     0x0800018d   Thumb Code    48  rand.o(.emb_text)
    Reset_Handler                            0x080001c1   Thumb Code     8  startup_mdr32f9qx.o(.text)
    _maybe_terminate_alloc                   0x080001c1   Thumb Code     0  maybetermalloc1.o(.emb_text)
    NMI_Handler                              0x080001c9   Thumb Code     2  startup_mdr32f9qx.o(.text)
    HardFault_Handler                        0x080001cb   Thumb Code     2  startup_mdr32f9qx.o(.text)
    MemManage_Handler                        0x080001cd   Thumb Code     2  startup_mdr32f9qx.o(.text)
    BusFault_Handler                         0x080001cf   Thumb Code     2  startup_mdr32f9qx.o(.text)
    UsageFault_Handler                       0x080001d1   Thumb Code     2  startup_mdr32f9qx.o(.text)
    SVC_Handler                              0x080001d3   Thumb Code     2  startup_mdr32f9qx.o(.text)
    DebugMon_Handler                         0x080001d5   Thumb Code     2  startup_mdr32f9qx.o(.text)
    PendSV_Handler                           0x080001d7   Thumb Code     2  startup_mdr32f9qx.o(.text)
    ADC_IRQHandler                           0x080001db   Thumb Code     0  startup_mdr32f9qx.o(.text)
    BACKUP_IRQHandler                        0x080001db   Thumb Code     0  startup_mdr32f9qx.o(.text)
    CAN1_IRQHandler                          0x080001db   Thumb Code     0  startup_mdr32f9qx.o(.text)
    CAN2_IRQHandler                          0x080001db   Thumb Code     0  startup_mdr32f9qx.o(.text)
    COMPARATOR_IRQHandler                    0x080001db   Thumb Code     0  startup_mdr32f9qx.o(.text)
    DMA_IRQHandler                           0x080001db   Thumb Code     0  startup_mdr32f9qx.o(.text)
    EXT_INT1_IRQHandler                      0x080001db   Thumb Code     0  startup_mdr32f9qx.o(.text)
    EXT_INT2_IRQHandler                      0x080001db   Thumb Code     0  startup_mdr32f9qx.o(.text)
    EXT_INT3_IRQHandler                      0x080001db   Thumb Code     0  startup_mdr32f9qx.o(.text)
    EXT_INT4_IRQHandler                      0x080001db   Thumb Code     0  startup_mdr32f9qx.o(.text)
    I2C_IRQHandler                           0x080001db   Thumb Code     0  startup_mdr32f9qx.o(.text)
    POWER_IRQHandler                         0x080001db   Thumb Code     0  startup_mdr32f9qx.o(.text)
    SSP1_IRQHandler                          0x080001db   Thumb Code     0  startup_mdr32f9qx.o(.text)
    SSP2_IRQHandler                          0x080001db   Thumb Code     0  startup_mdr32f9qx.o(.text)
    Timer1_IRQHandler                        0x080001db   Thumb Code     0  startup_mdr32f9qx.o(.text)
    Timer2_IRQHandler                        0x080001db   Thumb Code     0  startup_mdr32f9qx.o(.text)
    Timer3_IRQHandler                        0x080001db   Thumb Code     0  startup_mdr32f9qx.o(.text)
    UART1_IRQHandler                         0x080001db   Thumb Code     0  startup_mdr32f9qx.o(.text)
    UART2_IRQHandler                         0x080001db   Thumb Code     0  startup_mdr32f9qx.o(.text)
    USB_IRQHandler                           0x080001db   Thumb Code     0  startup_mdr32f9qx.o(.text)
    WWDG_IRQHandler                          0x080001db   Thumb Code     0  startup_mdr32f9qx.o(.text)
    __user_initial_stackheap                 0x080001dd   Thumb Code     0  startup_mdr32f9qx.o(.text)
    malloc                                   0x08000201   Thumb Code    94  h1_alloc.o(.text)
    free                                     0x0800025f   Thumb Code    78  h1_free.o(.text)
    __2sprintf                               0x080002ad   Thumb Code    34  noretval__2sprintf.o(.text)
    __printf                                 0x080002d5   Thumb Code   104  __printf.o(.text)
    _printf_str                              0x0800033d   Thumb Code    82  _printf_str.o(.text)
    _printf_int_dec                          0x08000391   Thumb Code   104  _printf_dec.o(.text)
    srand                                    0x08000409   Thumb Code    42  rand.o(.text)
    _rand_init                               0x08000433   Thumb Code     4  rand.o(.text)
    __use_two_region_memory                  0x08000445   Thumb Code     2  heapauxi.o(.text)
    __rt_heap_escrow                         0x08000447   Thumb Code     2  heapauxi.o(.text)
    __rt_heap_expand                         0x08000449   Thumb Code     2  heapauxi.o(.text)
    __rt_heap_descriptor                     0x0800044d   Thumb Code     8  rt_heap_descriptor_intlibspace.o(.text)
    __use_no_heap                            0x08000455   Thumb Code     2  hguard.o(.text)
    __heap$guard                             0x08000457   Thumb Code     2  hguard.o(.text)
    _terminate_user_alloc                    0x08000459   Thumb Code     2  init_alloc.o(.text)
    _init_user_alloc                         0x0800045b   Thumb Code     2  init_alloc.o(.text)
    __Heap_Full                              0x0800045d   Thumb Code    34  init_alloc.o(.text)
    __Heap_Broken                            0x0800047f   Thumb Code     6  init_alloc.o(.text)
    _init_alloc                              0x08000485   Thumb Code    94  init_alloc.o(.text)
    __Heap_Initialize                        0x080004e3   Thumb Code    10  h1_init.o(.text)
    __Heap_DescSize                          0x080004ed   Thumb Code     4  h1_init.o(.text)
    _printf_int_common                       0x080004f1   Thumb Code   178  _printf_intcommon.o(.text)
    __lib_sel_fp_printf                      0x080005a3   Thumb Code     2  _printf_fp_dec.o(.text)
    _printf_fp_dec_real                      0x08000755   Thumb Code   620  _printf_fp_dec.o(.text)
    _printf_char_common                      0x080009cb   Thumb Code    32  _printf_char_common.o(.text)
    _sputc                                   0x080009f1   Thumb Code    10  _sputc.o(.text)
    _printf_cs_common                        0x080009fb   Thumb Code    20  _printf_char.o(.text)
    _printf_char                             0x08000a0f   Thumb Code    16  _printf_char.o(.text)
    _printf_string                           0x08000a1f   Thumb Code     8  _printf_char.o(.text)
    __user_libspace                          0x08000a29   Thumb Code     8  libspace.o(.text)
    __user_perproc_libspace                  0x08000a29   Thumb Code     0  libspace.o(.text)
    __user_perthread_libspace                0x08000a29   Thumb Code     0  libspace.o(.text)
    __rt_locale                              0x08000a31   Thumb Code     8  rt_locale_intlibspace.o(.text)
    __Heap_ProvideMemory                     0x08000a39   Thumb Code    52  h1_extend.o(.text)
    _ll_udiv10                               0x08000a6d   Thumb Code   138  lludiv10.o(.text)
    _printf_fp_infnan                        0x08000af9   Thumb Code   112  _printf_fp_infnan.o(.text)
    _btod_etento                             0x08000b79   Thumb Code   224  bigflt0.o(.text)
    __rt_SIGRTMEM                            0x08000c5d   Thumb Code    14  defsig_rtmem_outer.o(.text)
    __I$use$semihosting                      0x08000c6b   Thumb Code     0  use_no_semi.o(.text)
    __use_no_semihosting_swi                 0x08000c6b   Thumb Code     2  use_no_semi.o(.text)
    __semihosting_library_function           0x08000c6d   Thumb Code     0  indicate_semi.o(.text)
    __user_setup_stackheap                   0x08000c6d   Thumb Code    74  sys_stackheap_outer.o(.text)
    exit                                     0x08000cb7   Thumb Code    18  exit.o(.text)
    __sig_exit                               0x08000cc9   Thumb Code    10  defsig_exit.o(.text)
    __rt_SIGRTMEM_inner                      0x08000cd5   Thumb Code    22  defsig_rtmem_inner.o(.text)
    strcmp                                   0x08000d25   Thumb Code   128  strcmpv7m.o(.text)
    _sys_exit                                0x08000da5   Thumb Code     8  sys_exit.o(.text)
    __default_signal_display                 0x08000db1   Thumb Code    50  defsig_general.o(.text)
    _ttywrch                                 0x08000de3   Thumb Code    14  sys_wrch.o(.text)
    _btod_d2e                                0x08000df1   Thumb Code    62  btod.o(CL$$btod_d2e)
    _d2e_denorm_low                          0x08000e2f   Thumb Code    70  btod.o(CL$$btod_d2e_denorm_low)
    _d2e_norm_op1                            0x08000e75   Thumb Code    96  btod.o(CL$$btod_d2e_norm_op1)
    __btod_div_common                        0x08000ed5   Thumb Code   696  btod.o(CL$$btod_div_common)
    _e2e                                     0x0800120d   Thumb Code   220  btod.o(CL$$btod_e2e)
    _btod_ediv                               0x080012e9   Thumb Code    42  btod.o(CL$$btod_ediv)
    _btod_emul                               0x08001313   Thumb Code    42  btod.o(CL$$btod_emul)
    __btod_mult_common                       0x0800133d   Thumb Code   580  btod.o(CL$$btod_mult_common)
    BUT_init                                 0x08001581   Thumb Code    36  main.o(i.BUT_init)
    Delay_ms                                 0x080015ad   Thumb Code    16  main.o(i.Delay_ms)
    HSI_init                                 0x080015c1   Thumb Code    58  main.o(i.HSI_init)
    LED_init                                 0x08001605   Thumb Code    54  main.o(i.LED_init)
    PORT_Init                                0x08001645   Thumb Code   450  mdr32f9qx_port.o(i.PORT_Init)
    PORT_ResetBits                           0x0800180d   Thumb Code    22  mdr32f9qx_port.o(i.PORT_ResetBits)
    PORT_SetBits                             0x08001829   Thumb Code    22  mdr32f9qx_port.o(i.PORT_SetBits)
    PerClkConfig                             0x08001845   Thumb Code    98  main.o(i.PerClkConfig)
    RST_CLK_PCLKcmd                          0x080018ad   Thumb Code    26  mdr32f9qx_rst_clk.o(i.RST_CLK_PCLKcmd)
    SysTick_Handler                          0x080018cd   Thumb Code    18  main.o(i.SysTick_Handler)
    SysTick_init                             0x080018e5   Thumb Code    30  main.o(i.SysTick_init)
    SystemCoreClockUpdate                    0x08001905   Thumb Code   130  system_mdr32f9qx.o(i.SystemCoreClockUpdate)
    SystemInit                               0x08001995   Thumb Code    54  system_mdr32f9qx.o(i.SystemInit)
    __ARM_fpclassify                         0x080019d5   Thumb Code    40  fpclassify.o(i.__ARM_fpclassify)
    fmatrix                                  0x080019fd   Thumb Code   236  main.o(i.fmatrix)
    hash                                     0x08001aed   Thumb Code    40  main.o(i.hash)
    main                                     0x08001b19   Thumb Code   146  main.o(i.main)
    matrix                                   0x08001c09   Thumb Code   194  main.o(i.matrix)
    refibonacci                              0x08001ccb   Thumb Code    34  main.o(i.refibonacci)
    _get_lc_numeric                          0x08001ced   Thumb Code    44  lc_numeric_c.o(locale$$code)
    __fpl_dretinf                            0x08001d19   Thumb Code    12  dretinf.o(x$fpl$dretinf)
    __aeabi_f2d                              0x08001d25   Thumb Code     0  f2d.o(x$fpl$f2d)
    _f2d                                     0x08001d25   Thumb Code    86  f2d.o(x$fpl$f2d)
    __aeabi_fadd                             0x08001d7d   Thumb Code     0  faddsub_clz.o(x$fpl$fadd)
    _fadd                                    0x08001d7d   Thumb Code   196  faddsub_clz.o(x$fpl$fadd)
    __aeabi_fdiv                             0x08001e41   Thumb Code     0  fdiv.o(x$fpl$fdiv)
    _fdiv                                    0x08001e41   Thumb Code   384  fdiv.o(x$fpl$fdiv)
    __aeabi_i2f                              0x08001fc5   Thumb Code     0  fflt_clz.o(x$fpl$fflt)
    _fflt                                    0x08001fc5   Thumb Code    48  fflt_clz.o(x$fpl$fflt)
    __fpl_fnaninf                            0x08001ff5   Thumb Code   140  fnaninf.o(x$fpl$fnaninf)
    __fpl_fretinf                            0x08002081   Thumb Code    10  fretinf.o(x$fpl$fretinf)
    __aeabi_fsub                             0x0800208d   Thumb Code     0  faddsub_clz.o(x$fpl$fsub)
    _fsub                                    0x0800208d   Thumb Code   234  faddsub_clz.o(x$fpl$fsub)
    _printf_fp_dec                           0x08002177   Thumb Code     4  printf1.o(x$fpl$printf1)
    __I$use$fp                               0x0800217a   Number         0  usenofp.o(x$fpl$usenofp)
    Region$$Table$$Base                      0x08002210   Number         0  anon$$obj.o(Region$$Table)
    Region$$Table$$Limit                     0x08002230   Number         0  anon$$obj.o(Region$$Table)
    Delay_dec                                0x20000000   Data           4  main.o(.data)
    SystemCoreClock                          0x20000004   Data           4  system_mdr32f9qx.o(.data)
    _random_number_data                      0x20000014   Data         228  rand.o(.bss)
    __libspace_start                         0x200000f8   Data          96  libspace.o(.bss)
    __temporary_stack_top$libspace           0x20000158   Data           0  libspace.o(.bss)



==============================================================================

Memory Map of the image

  Image Entry point : 0x080001c1

  Load Region LR_1 (Base: 0x08000000, Size: 0x00002254, Max: 0xffffffff, ABSOLUTE)

    Execution Region ER_RO (Exec base: 0x08000000, Load base: 0x08000000, Size: 0x0000224c, Max: 0xffffffff, ABSOLUTE)

    Exec Addr    Load Addr    Size         Type   Attr      Idx    E Section Name        Object

    0x08000000   0x08000000   0x000000c0   Data   RO          151    RESET               startup_mdr32f9qx.o
    0x080000c0   0x080000c0   0x00000008   Code   RO          885  * !!!main             c_w.l(__main.o)
    0x080000c8   0x080000c8   0x00000034   Code   RO         1173    !!!scatter          c_w.l(__scatter.o)
    0x080000fc   0x080000fc   0x0000001a   Code   RO         1175    !!handler_copy      c_w.l(__scatter_copy.o)
    0x08000116   0x08000116   0x00000002   PAD
    0x08000118   0x08000118   0x0000001c   Code   RO         1177    !!handler_zi        c_w.l(__scatter_zi.o)
    0x08000134   0x08000134   0x00000000   Code   RO          877    .ARM.Collect$$_printf_percent$$00000000  c_w.l(_printf_percent.o)
    0x08000134   0x08000134   0x00000006   Code   RO          876    .ARM.Collect$$_printf_percent$$00000003  c_w.l(_printf_f.o)
    0x0800013a   0x0800013a   0x00000006   Code   RO          875    .ARM.Collect$$_printf_percent$$00000009  c_w.l(_printf_d.o)
    0x08000140   0x08000140   0x00000006   Code   RO          874    .ARM.Collect$$_printf_percent$$00000014  c_w.l(_printf_s.o)
    0x08000146   0x08000146   0x00000004   Code   RO          945    .ARM.Collect$$_printf_percent$$00000017  c_w.l(_printf_percent_end.o)
    0x0800014a   0x0800014a   0x00000002   Code   RO         1110    .ARM.Collect$$libinit$$00000000  c_w.l(libinit.o)
    0x0800014c   0x0800014c   0x00000000   Code   RO          951    .ARM.Collect$$libinit$$00000002  c_w.l(libinit2.o)
    0x0800014c   0x0800014c   0x00000000   Code   RO          953    .ARM.Collect$$libinit$$00000004  c_w.l(libinit2.o)
    0x0800014c   0x0800014c   0x00000008   Code   RO          954    .ARM.Collect$$libinit$$00000005  c_w.l(libinit2.o)
    0x08000154   0x08000154   0x00000000   Code   RO          956    .ARM.Collect$$libinit$$0000000A  c_w.l(libinit2.o)
    0x08000154   0x08000154   0x00000000   Code   RO          958    .ARM.Collect$$libinit$$0000000C  c_w.l(libinit2.o)
    0x08000154   0x08000154   0x00000004   Code   RO          959    .ARM.Collect$$libinit$$0000000D  c_w.l(libinit2.o)
    0x08000158   0x08000158   0x00000000   Code   RO          960    .ARM.Collect$$libinit$$0000000E  c_w.l(libinit2.o)
    0x08000158   0x08000158   0x00000006   Code   RO          961    .ARM.Collect$$libinit$$0000000F  c_w.l(libinit2.o)
    0x0800015e   0x0800015e   0x00000000   Code   RO          963    .ARM.Collect$$libinit$$00000011  c_w.l(libinit2.o)
    0x0800015e   0x0800015e   0x00000000   Code   RO          965    .ARM.Collect$$libinit$$00000013  c_w.l(libinit2.o)
    0x0800015e   0x0800015e   0x00000000   Code   RO          967    .ARM.Collect$$libinit$$00000015  c_w.l(libinit2.o)
    0x0800015e   0x0800015e   0x0000000a   Code   RO          968    .ARM.Collect$$libinit$$00000016  c_w.l(libinit2.o)
    0x08000168   0x08000168   0x00000000   Code   RO          969    .ARM.Collect$$libinit$$00000017  c_w.l(libinit2.o)
    0x08000168   0x08000168   0x00000000   Code   RO          971    .ARM.Collect$$libinit$$00000019  c_w.l(libinit2.o)
    0x08000168   0x08000168   0x00000000   Code   RO          973    .ARM.Collect$$libinit$$0000001B  c_w.l(libinit2.o)
    0x08000168   0x08000168   0x00000000   Code   RO          975    .ARM.Collect$$libinit$$0000001D  c_w.l(libinit2.o)
    0x08000168   0x08000168   0x00000000   Code   RO          977    .ARM.Collect$$libinit$$0000001F  c_w.l(libinit2.o)
    0x08000168   0x08000168   0x00000000   Code   RO          979    .ARM.Collect$$libinit$$00000021  c_w.l(libinit2.o)
    0x08000168   0x08000168   0x00000000   Code   RO          981    .ARM.Collect$$libinit$$00000023  c_w.l(libinit2.o)
    0x08000168   0x08000168   0x00000000   Code   RO          983    .ARM.Collect$$libinit$$00000025  c_w.l(libinit2.o)
    0x08000168   0x08000168   0x00000000   Code   RO          987    .ARM.Collect$$libinit$$0000002C  c_w.l(libinit2.o)
    0x08000168   0x08000168   0x00000000   Code   RO          989    .ARM.Collect$$libinit$$0000002E  c_w.l(libinit2.o)
    0x08000168   0x08000168   0x00000000   Code   RO          991    .ARM.Collect$$libinit$$00000030  c_w.l(libinit2.o)
    0x08000168   0x08000168   0x00000000   Code   RO          993    .ARM.Collect$$libinit$$00000032  c_w.l(libinit2.o)
    0x08000168   0x08000168   0x00000002   Code   RO          994    .ARM.Collect$$libinit$$00000033  c_w.l(libinit2.o)
    0x0800016a   0x0800016a   0x00000002   Code   RO         1170    .ARM.Collect$$libshutdown$$00000000  c_w.l(libshutdown.o)
    0x0800016c   0x0800016c   0x00000000   Code   RO         1124    .ARM.Collect$$libshutdown$$00000002  c_w.l(libshutdown2.o)
    0x0800016c   0x0800016c   0x00000000   Code   RO         1126    .ARM.Collect$$libshutdown$$00000004  c_w.l(libshutdown2.o)
    0x0800016c   0x0800016c   0x00000000   Code   RO         1128    .ARM.Collect$$libshutdown$$00000006  c_w.l(libshutdown2.o)
    0x0800016c   0x0800016c   0x00000000   Code   RO         1131    .ARM.Collect$$libshutdown$$00000009  c_w.l(libshutdown2.o)
    0x0800016c   0x0800016c   0x00000000   Code   RO         1134    .ARM.Collect$$libshutdown$$0000000C  c_w.l(libshutdown2.o)
    0x0800016c   0x0800016c   0x00000000   Code   RO         1136    .ARM.Collect$$libshutdown$$0000000E  c_w.l(libshutdown2.o)
    0x0800016c   0x0800016c   0x00000000   Code   RO         1139    .ARM.Collect$$libshutdown$$00000011  c_w.l(libshutdown2.o)
    0x0800016c   0x0800016c   0x00000002   Code   RO         1140    .ARM.Collect$$libshutdown$$00000012  c_w.l(libshutdown2.o)
    0x0800016e   0x0800016e   0x00000000   Code   RO          909    .ARM.Collect$$rtentry$$00000000  c_w.l(__rtentry.o)
    0x0800016e   0x0800016e   0x00000000   Code   RO         1008    .ARM.Collect$$rtentry$$00000002  c_w.l(__rtentry2.o)
    0x0800016e   0x0800016e   0x00000006   Code   RO         1020    .ARM.Collect$$rtentry$$00000004  c_w.l(__rtentry4.o)
    0x08000174   0x08000174   0x00000000   Code   RO         1010    .ARM.Collect$$rtentry$$00000009  c_w.l(__rtentry2.o)
    0x08000174   0x08000174   0x00000004   Code   RO         1011    .ARM.Collect$$rtentry$$0000000A  c_w.l(__rtentry2.o)
    0x08000178   0x08000178   0x00000000   Code   RO         1013    .ARM.Collect$$rtentry$$0000000C  c_w.l(__rtentry2.o)
    0x08000178   0x08000178   0x00000008   Code   RO         1014    .ARM.Collect$$rtentry$$0000000D  c_w.l(__rtentry2.o)
    0x08000180   0x08000180   0x00000002   Code   RO         1113    .ARM.Collect$$rtexit$$00000000  c_w.l(rtexit.o)
    0x08000182   0x08000182   0x00000000   Code   RO         1144    .ARM.Collect$$rtexit$$00000002  c_w.l(rtexit2.o)
    0x08000182   0x08000182   0x00000004   Code   RO         1145    .ARM.Collect$$rtexit$$00000003  c_w.l(rtexit2.o)
    0x08000186   0x08000186   0x00000006   Code   RO         1146    .ARM.Collect$$rtexit$$00000004  c_w.l(rtexit2.o)
    0x0800018c   0x0800018c   0x00000034   Code   RO          878    .emb_text           c_w.l(rand.o)
    0x080001c0   0x080001c0   0x00000000   Code   RO         1029    .emb_text           c_w.l(maybetermalloc1.o)
    0x080001c0   0x080001c0   0x00000040   Code   RO          152  * .text               startup_mdr32f9qx.o
    0x08000200   0x08000200   0x0000005e   Code   RO          786    .text               c_w.l(h1_alloc.o)
    0x0800025e   0x0800025e   0x0000004e   Code   RO          788    .text               c_w.l(h1_free.o)
    0x080002ac   0x080002ac   0x00000028   Code   RO          846    .text               c_w.l(noretval__2sprintf.o)
    0x080002d4   0x080002d4   0x00000068   Code   RO          848    .text               c_w.l(__printf.o)
    0x0800033c   0x0800033c   0x00000052   Code   RO          850    .text               c_w.l(_printf_str.o)
    0x0800038e   0x0800038e   0x00000002   PAD
    0x08000390   0x08000390   0x00000078   Code   RO          852    .text               c_w.l(_printf_dec.o)
    0x08000408   0x08000408   0x0000003c   Code   RO          879    .text               c_w.l(rand.o)
    0x08000444   0x08000444   0x00000006   Code   RO          883    .text               c_w.l(heapauxi.o)
    0x0800044a   0x0800044a   0x00000002   PAD
    0x0800044c   0x0800044c   0x00000008   Code   RO          913    .text               c_w.l(rt_heap_descriptor_intlibspace.o)
    0x08000454   0x08000454   0x00000004   Code   RO          915    .text               c_w.l(hguard.o)
    0x08000458   0x08000458   0x0000008a   Code   RO          917    .text               c_w.l(init_alloc.o)
    0x080004e2   0x080004e2   0x0000000e   Code   RO          921    .text               c_w.l(h1_init.o)
    0x080004f0   0x080004f0   0x000000b2   Code   RO          935    .text               c_w.l(_printf_intcommon.o)
    0x080005a2   0x080005a2   0x0000041e   Code   RO          937    .text               c_w.l(_printf_fp_dec.o)
    0x080009c0   0x080009c0   0x00000030   Code   RO          939    .text               c_w.l(_printf_char_common.o)
    0x080009f0   0x080009f0   0x0000000a   Code   RO          941    .text               c_w.l(_sputc.o)
    0x080009fa   0x080009fa   0x0000002c   Code   RO          943    .text               c_w.l(_printf_char.o)
    0x08000a26   0x08000a26   0x00000002   PAD
    0x08000a28   0x08000a28   0x00000008   Code   RO         1004    .text               c_w.l(libspace.o)
    0x08000a30   0x08000a30   0x00000008   Code   RO         1025    .text               c_w.l(rt_locale_intlibspace.o)
    0x08000a38   0x08000a38   0x00000034   Code   RO         1031    .text               c_w.l(h1_extend.o)
    0x08000a6c   0x08000a6c   0x0000008a   Code   RO         1035    .text               c_w.l(lludiv10.o)
    0x08000af6   0x08000af6   0x00000002   PAD
    0x08000af8   0x08000af8   0x00000080   Code   RO         1037    .text               c_w.l(_printf_fp_infnan.o)
    0x08000b78   0x08000b78   0x000000e4   Code   RO         1041    .text               c_w.l(bigflt0.o)
    0x08000c5c   0x08000c5c   0x0000000e   Code   RO         1069    .text               c_w.l(defsig_rtmem_outer.o)
    0x08000c6a   0x08000c6a   0x00000002   Code   RO         1084    .text               c_w.l(use_no_semi.o)
    0x08000c6c   0x08000c6c   0x00000000   Code   RO         1086    .text               c_w.l(indicate_semi.o)
    0x08000c6c   0x08000c6c   0x0000004a   Code   RO         1087    .text               c_w.l(sys_stackheap_outer.o)
    0x08000cb6   0x08000cb6   0x00000012   Code   RO         1093    .text               c_w.l(exit.o)
    0x08000cc8   0x08000cc8   0x0000000a   Code   RO         1095    .text               c_w.l(defsig_exit.o)
    0x08000cd2   0x08000cd2   0x00000002   PAD
    0x08000cd4   0x08000cd4   0x00000050   Code   RO         1097    .text               c_w.l(defsig_rtmem_inner.o)
    0x08000d24   0x08000d24   0x00000080   Code   RO         1099    .text               c_w.l(strcmpv7m.o)
    0x08000da4   0x08000da4   0x0000000c   Code   RO         1111    .text               c_w.l(sys_exit.o)
    0x08000db0   0x08000db0   0x00000032   Code   RO         1121    .text               c_w.l(defsig_general.o)
    0x08000de2   0x08000de2   0x0000000e   Code   RO         1141    .text               c_w.l(sys_wrch.o)
    0x08000df0   0x08000df0   0x0000003e   Code   RO         1044    CL$$btod_d2e        c_w.l(btod.o)
    0x08000e2e   0x08000e2e   0x00000046   Code   RO         1046    CL$$btod_d2e_denorm_low  c_w.l(btod.o)
    0x08000e74   0x08000e74   0x00000060   Code   RO         1045    CL$$btod_d2e_norm_op1  c_w.l(btod.o)
    0x08000ed4   0x08000ed4   0x00000338   Code   RO         1054    CL$$btod_div_common  c_w.l(btod.o)
    0x0800120c   0x0800120c   0x000000dc   Code   RO         1051    CL$$btod_e2e        c_w.l(btod.o)
    0x080012e8   0x080012e8   0x0000002a   Code   RO         1048    CL$$btod_ediv       c_w.l(btod.o)
    0x08001312   0x08001312   0x0000002a   Code   RO         1047    CL$$btod_emul       c_w.l(btod.o)
    0x0800133c   0x0800133c   0x00000244   Code   RO         1053    CL$$btod_mult_common  c_w.l(btod.o)
    0x08001580   0x08001580   0x0000002c   Code   RO            4    i.BUT_init          main.o
    0x080015ac   0x080015ac   0x00000014   Code   RO            5    i.Delay_ms          main.o
    0x080015c0   0x080015c0   0x00000044   Code   RO            6    i.HSI_init          main.o
    0x08001604   0x08001604   0x00000040   Code   RO            7    i.LED_init          main.o
    0x08001644   0x08001644   0x000001c8   Code   RO          490    i.PORT_Init         mdr32f9qx_port.o
    0x0800180c   0x0800180c   0x0000001c   Code   RO          493    i.PORT_ResetBits    mdr32f9qx_port.o
    0x08001828   0x08001828   0x0000001c   Code   RO          494    i.PORT_SetBits      mdr32f9qx_port.o
    0x08001844   0x08001844   0x00000068   Code   RO            8    i.PerClkConfig      main.o
    0x080018ac   0x080018ac   0x00000020   Code   RO          585    i.RST_CLK_PCLKcmd   mdr32f9qx_rst_clk.o
    0x080018cc   0x080018cc   0x00000018   Code   RO            9    i.SysTick_Handler   main.o
    0x080018e4   0x080018e4   0x0000001e   Code   RO           10    i.SysTick_init      main.o
    0x08001902   0x08001902   0x00000002   PAD
    0x08001904   0x08001904   0x00000090   Code   RO          159    i.SystemCoreClockUpdate  system_mdr32f9qx.o
    0x08001994   0x08001994   0x00000040   Code   RO          160    i.SystemInit        system_mdr32f9qx.o
    0x080019d4   0x080019d4   0x00000028   Code   RO         1082    i.__ARM_fpclassify  m_ws.l(fpclassify.o)
    0x080019fc   0x080019fc   0x000000f0   Code   RO           11    i.fmatrix           main.o
    0x08001aec   0x08001aec   0x0000002c   Code   RO           12    i.hash              main.o
    0x08001b18   0x08001b18   0x000000f0   Code   RO           13    i.main              main.o
    0x08001c08   0x08001c08   0x000000c2   Code   RO           14    i.matrix            main.o
    0x08001cca   0x08001cca   0x00000022   Code   RO           15    i.refibonacci       main.o
    0x08001cec   0x08001cec   0x0000002c   Code   RO         1067    locale$$code        c_w.l(lc_numeric_c.o)
    0x08001d18   0x08001d18   0x0000000c   Code   RO          995    x$fpl$dretinf       fz_ws.l(dretinf.o)
    0x08001d24   0x08001d24   0x00000056   Code   RO          887    x$fpl$f2d           fz_ws.l(f2d.o)
    0x08001d7a   0x08001d7a   0x00000002   PAD
    0x08001d7c   0x08001d7c   0x000000c4   Code   RO          889    x$fpl$fadd          fz_ws.l(faddsub_clz.o)
    0x08001e40   0x08001e40   0x00000184   Code   RO          896    x$fpl$fdiv          fz_ws.l(fdiv.o)
    0x08001fc4   0x08001fc4   0x00000030   Code   RO          900    x$fpl$fflt          fz_ws.l(fflt_clz.o)
    0x08001ff4   0x08001ff4   0x0000008c   Code   RO          997    x$fpl$fnaninf       fz_ws.l(fnaninf.o)
    0x08002080   0x08002080   0x0000000a   Code   RO          999    x$fpl$fretinf       fz_ws.l(fretinf.o)
    0x0800208a   0x0800208a   0x00000002   PAD
    0x0800208c   0x0800208c   0x000000ea   Code   RO          891    x$fpl$fsub          fz_ws.l(faddsub_clz.o)
    0x08002176   0x08002176   0x00000004   Code   RO          905    x$fpl$printf1       fz_ws.l(printf1.o)
    0x0800217a   0x0800217a   0x00000000   Code   RO         1001    x$fpl$usenofp       fz_ws.l(usenofp.o)
    0x0800217a   0x0800217a   0x00000002   PAD
    0x0800217c   0x0800217c   0x00000094   Data   RO         1042    .constdata          c_w.l(bigflt0.o)
    0x08002210   0x08002210   0x00000020   Data   RO         1171    Region$$Table       anon$$obj.o
    0x08002230   0x08002230   0x0000001c   Data   RO         1066    locale$$data        c_w.l(lc_numeric_c.o)


    Execution Region ER_RW (Exec base: 0x20000000, Load base: 0x0800224c, Size: 0x00000008, Max: 0xffffffff, ABSOLUTE)

    Exec Addr    Load Addr    Size         Type   Attr      Idx    E Section Name        Object

    0x20000000   0x0800224c   0x00000004   Data   RW           17    .data               main.o
    0x20000004   0x08002250   0x00000004   Data   RW          161    .data               system_mdr32f9qx.o


    Execution Region ER_ZI (Exec base: 0x20000008, Load base: 0x08002254, Size: 0x00000750, Max: 0xffffffff, ABSOLUTE)

    Exec Addr    Load Addr    Size         Type   Attr      Idx    E Section Name        Object

    0x20000008        -       0x0000000c   Zero   RW           16    .bss                main.o
    0x20000014        -       0x000000e4   Zero   RW          880    .bss                c_w.l(rand.o)
    0x200000f8        -       0x00000060   Zero   RW         1005    .bss                c_w.l(libspace.o)
    0x20000158        -       0x00000200   Zero   RW          150    HEAP                startup_mdr32f9qx.o
    0x20000358        -       0x00000400   Zero   RW          149    STACK               startup_mdr32f9qx.o


==============================================================================

Image component sizes


      Code (inc. data)   RO Data    RW Data    ZI Data      Debug   Object Name

      1106        146          0          4         12      61751   main.o
       512         18          0          0          0       3004   mdr32f9qx_port.o
        32          6          0          0          0        666   mdr32f9qx_rst_clk.o
        64         26        192          0       1536        804   startup_mdr32f9qx.o
       208         24          0          4          0       1371   system_mdr32f9qx.o

    ----------------------------------------------------------------------
      1924        220        224          8       1548      67596   Object Totals
         0          0         32          0          0          0   (incl. Generated)
         2          0          0          0          0          0   (incl. Padding)

    ----------------------------------------------------------------------

      Code (inc. data)   RO Data    RW Data    ZI Data      Debug   Library Member Name

         8          0          0          0          0         68   __main.o
       104          0          0          0          0         84   __printf.o
         0          0          0          0          0          0   __rtentry.o
        12          0          0          0          0          0   __rtentry2.o
         6          0          0          0          0          0   __rtentry4.o
        52          8          0          0          0          0   __scatter.o
        26          0          0          0          0          0   __scatter_copy.o
        28          0          0          0          0          0   __scatter_zi.o
        44          0          0          0          0        108   _printf_char.o
        48          6          0          0          0         96   _printf_char_common.o
         6          0          0          0          0          0   _printf_d.o
       120         16          0          0          0         92   _printf_dec.o
         6          0          0          0          0          0   _printf_f.o
      1054          0          0          0          0        216   _printf_fp_dec.o
       128         16          0          0          0         84   _printf_fp_infnan.o
       178          0          0          0          0         88   _printf_intcommon.o
         0          0          0          0          0          0   _printf_percent.o
         4          0          0          0          0          0   _printf_percent_end.o
         6          0          0          0          0          0   _printf_s.o
        82          0          0          0          0         80   _printf_str.o
        10          0          0          0          0         68   _sputc.o
       228          4        148          0          0         96   bigflt0.o
      1936        128          0          0          0        672   btod.o
        10          0          0          0          0         68   defsig_exit.o
        50          0          0          0          0         88   defsig_general.o
        80         58          0          0          0         76   defsig_rtmem_inner.o
        14          0          0          0          0         80   defsig_rtmem_outer.o
        18          0          0          0          0         80   exit.o
        94          0          0          0          0         80   h1_alloc.o
        52          0          0          0          0         68   h1_extend.o
        78          0          0          0          0         80   h1_free.o
        14          0          0          0          0         84   h1_init.o
         6          0          0          0          0        152   heapauxi.o
         4          0          0          0          0        136   hguard.o
         0          0          0          0          0          0   indicate_semi.o
       138          0          0          0          0        168   init_alloc.o
        44         10         28          0          0         76   lc_numeric_c.o
         2          0          0          0          0          0   libinit.o
        30          0          0          0          0          0   libinit2.o
         2          0          0          0          0          0   libshutdown.o
         2          0          0          0          0          0   libshutdown2.o
         8          4          0          0         96         68   libspace.o
       138          0          0          0          0         80   lludiv10.o
         0          0          0          0          0          0   maybetermalloc1.o
        40          6          0          0          0         84   noretval__2sprintf.o
       112         18          0          0        228        160   rand.o
         8          4          0          0          0         68   rt_heap_descriptor_intlibspace.o
         8          4          0          0          0         68   rt_locale_intlibspace.o
         2          0          0          0          0          0   rtexit.o
        10          0          0          0          0          0   rtexit2.o
       128          0          0          0          0         68   strcmpv7m.o
        12          4          0          0          0         68   sys_exit.o
        74          0          0          0          0         80   sys_stackheap_outer.o
        14          0          0          0          0         76   sys_wrch.o
         2          0          0          0          0         68   use_no_semi.o
        12          0          0          0          0         68   dretinf.o
        86          4          0          0          0         84   f2d.o
       430          8          0          0          0        168   faddsub_clz.o
       388         76          0          0          0         96   fdiv.o
        48          0          0          0          0         68   fflt_clz.o
       140          4          0          0          0         84   fnaninf.o
        10          0          0          0          0         68   fretinf.o
         4          0          0          0          0         68   printf1.o
         0          0          0          0          0          0   usenofp.o
        40          0          0          0          0         68   fpclassify.o

    ----------------------------------------------------------------------
      6456        378        176          0        324       4648   Library Totals
        18          0          0          0          0          0   (incl. Padding)

    ----------------------------------------------------------------------

      Code (inc. data)   RO Data    RW Data    ZI Data      Debug   Library Name

      5280        286        176          0        324       3876   c_w.l
      1118         92          0          0          0        704   fz_ws.l
        40          0          0          0          0         68   m_ws.l

    ----------------------------------------------------------------------
      6456        378        176          0        324       4648   Library Totals

    ----------------------------------------------------------------------

==============================================================================


      Code (inc. data)   RO Data    RW Data    ZI Data      Debug   

      8380        598        400          8       1872      68756   Grand Totals
      8380        598        400          8       1872      68756   ELF Image Totals
      8380        598        400          8          0          0   ROM Totals

==============================================================================

    Total RO  Size (Code + RO Data)                 8780 (   8.57kB)
    Total RW  Size (RW Data + ZI Data)              1880 (   1.84kB)
    Total ROM Size (Code + RO Data + RW Data)       8788 (   8.58kB)

==============================================================================

